
 Start Length Name Class
 0001:00401000 0000D84F0H _TEXT                  CODE
 0002:004DA000 0000C3340H _DATA                  DATA
 0003:0059D340 00000A96CH _BSS                   BSS
 0004:00000000 00000009CH _TLS                   TLS


Detailed map of segments
 0001:0000035C 0000014F C=CODE    S=_TEXT    G=(none)   M=C:\BCC582\LIB\C0W32.OBJ ACBP=A9
 0001:000004AC 000000BD C=CODE    S=_TEXT    G=(none)   M=C:\SISTEMAS FIVEWIN\TXMLNFE\OBJ\MAIN.OBJ ACBP=A9
 0001:0000056C 000001B0 C=CODE    S=_TEXT    G=(none)   M=C:\SISTEMAS FIVEWIN\TXMLNFE\OBJ\TXMLNFE.OBJ ACBP=A9
 0001:0000071C 000016AD C=CODE    S=_TEXT    G=(none)   M=C:\SISTEMAS FIVEWIN\TXMLNFE\OBJ\W32OLE.OBJ ACBP=A9
 0001:00001DCC 0000011D C=CODE    S=_TEXT    G=(none)   M=C:\FWH1109\LIB\FIVEHX.LIB|ACTIVEX ACBP=A9
 0001:00001EEC 0000008D C=CODE    S=_TEXT    G=(none)   M=C:\FWH1109\LIB\FIVEHX.LIB|ALERT ACBP=A9
 0001:00001F7C 00000270 C=CODE    S=_TEXT    G=(none)   M=C:\FWH1109\LIB\FIVEHX.LIB|BAR ACBP=A9
 0001:000021EC 00000378 C=CODE    S=_TEXT    G=(none)   M=C:\FWH1109\LIB\FIVEHX.LIB|BITMAP ACBP=A9
 0001:00002564 00000210 C=CODE    S=_TEXT    G=(none)   M=C:\FWH1109\LIB\FIVEHX.LIB|BRUSH ACBP=A9
 0001:00002774 0000014D C=CODE    S=_TEXT    G=(none)   M=C:\FWH1109\LIB\FIVEHX.LIB|BUTTON ACBP=A9
 0001:000028C4 00000105 C=CODE    S=_TEXT    G=(none)   M=C:\FWH1109\LIB\FIVEHX.LIB|BUTTONB ACBP=A9
 0001:000029CC 0000016B C=CODE    S=_TEXT    G=(none)   M=C:\FWH1109\LIB\FIVEHX.LIB|CHECKRES ACBP=A9
 0001:00002B38 00000135 C=CODE    S=_TEXT    G=(none)   M=C:\FWH1109\LIB\FIVEHX.LIB|CLIPBRD ACBP=A9
 0001:00002C70 000000ED C=CODE    S=_TEXT    G=(none)   M=C:\FWH1109\LIB\FIVEHX.LIB|DDE ACBP=A9
 0001:00002D60 000000BD C=CODE    S=_TEXT    G=(none)   M=C:\FWH1109\LIB\FIVEHX.LIB|DLGFIND ACBP=A9
 0001:00002E20 00000B10 C=CODE    S=_TEXT    G=(none)   M=C:\FWH1109\LIB\FIVEHX.LIB|FGET ACBP=A9
 0001:00003930 000000A5 C=CODE    S=_TEXT    G=(none)   M=C:\FWH1109\LIB\FIVEHX.LIB|FLINE ACBP=A9
 0001:000039D8 00000225 C=CODE    S=_TEXT    G=(none)   M=C:\FWH1109\LIB\FIVEHX.LIB|FONT ACBP=A9
 0001:00003C00 00000075 C=CODE    S=_TEXT    G=(none)   M=C:\FWH1109\LIB\FIVEHX.LIB|FWERROR ACBP=A9
 0001:00003C78 000000ED C=CODE    S=_TEXT    G=(none)   M=C:\FWH1109\LIB\FIVEHX.LIB|GTF ACBP=A9
 0001:00003D68 00000427 C=CODE    S=_TEXT    G=(none)   M=C:\FWH1109\LIB\FIVEHX.LIB|HARBOUR ACBP=A9
 0001:00004190 00000135 C=CODE    S=_TEXT    G=(none)   M=C:\FWH1109\LIB\FIVEHX.LIB|HELP32 ACBP=A9
 0001:000042C8 0000037E C=CODE    S=_TEXT    G=(none)   M=C:\FWH1109\LIB\FIVEHX.LIB|HELPCHM ACBP=A9
 0001:00004648 00000135 C=CODE    S=_TEXT    G=(none)   M=C:\FWH1109\LIB\FIVEHX.LIB|ICON ACBP=A9
 0001:00004780 0000038D C=CODE    S=_TEXT    G=(none)   M=C:\FWH1109\LIB\FIVEHX.LIB|IMAGE ACBP=A9
 0001:00004B10 000000ED C=CODE    S=_TEXT    G=(none)   M=C:\FWH1109\LIB\FIVEHX.LIB|INI ACBP=A9
 0001:00004C00 00000270 C=CODE    S=_TEXT    G=(none)   M=C:\FWH1109\LIB\FIVEHX.LIB|LISTBOX ACBP=A9
 0001:00004E70 00000135 C=CODE    S=_TEXT    G=(none)   M=C:\FWH1109\LIB\FIVEHX.LIB|MDICLIEN ACBP=A9
 0001:00004FA8 0000011D C=CODE    S=_TEXT    G=(none)   M=C:\FWH1109\LIB\FIVEHX.LIB|MDIFRAME ACBP=A9
 0001:000050C8 0000005D C=CODE    S=_TEXT    G=(none)   M=C:\FWH1109\LIB\FIVEHX.LIB|MEMOEDIT ACBP=A9
 0001:00005128 0000017D C=CODE    S=_TEXT    G=(none)   M=C:\FWH1109\LIB\FIVEHX.LIB|MENUITEM ACBP=A9
 0001:000052A8 00000330 C=CODE    S=_TEXT    G=(none)   M=C:\FWH1109\LIB\FIVEHX.LIB|MGET ACBP=A9
 0001:000055D8 000000A5 C=CODE    S=_TEXT    G=(none)   M=C:\FWH1109\LIB\FIVEHX.LIB|MSGRUN ACBP=A9
 0001:00005680 0000008D C=CODE    S=_TEXT    G=(none)   M=C:\FWH1109\LIB\FIVEHX.LIB|NETAPI32 ACBP=A9
 0001:00005710 000000D5 C=CODE    S=_TEXT    G=(none)   M=C:\FWH1109\LIB\FIVEHX.LIB|PDMENU ACBP=A9
 0001:000057E8 0000008D C=CODE    S=_TEXT    G=(none)   M=C:\FWH1109\LIB\FIVEHX.LIB|PEN ACBP=A9
 0001:00005878 00000318 C=CODE    S=_TEXT    G=(none)   M=C:\FWH1109\LIB\FIVEHX.LIB|PRINTER ACBP=A9
 0001:00005B90 0000014D C=CODE    S=_TEXT    G=(none)   M=C:\FWH1109\LIB\FIVEHX.LIB|RADIO ACBP=A9
 0001:00005CE0 00000165 C=CODE    S=_TEXT    G=(none)   M=C:\FWH1109\LIB\FIVEHX.LIB|RADMENU ACBP=A9
 0001:00005E48 000000D5 C=CODE    S=_TEXT    G=(none)   M=C:\FWH1109\LIB\FIVEHX.LIB|RANDOM ACBP=A9
 0001:00005F20 000000A5 C=CODE    S=_TEXT    G=(none)   M=C:\FWH1109\LIB\FIVEHX.LIB|REBAR ACBP=A9
 0001:00005FC8 000000D5 C=CODE    S=_TEXT    G=(none)   M=C:\FWH1109\LIB\FIVEHX.LIB|RECT ACBP=A9
 0001:000060A0 000000ED C=CODE    S=_TEXT    G=(none)   M=C:\FWH1109\LIB\FIVEHX.LIB|REG32 ACBP=A9
 0001:00006190 0000011D C=CODE    S=_TEXT    G=(none)   M=C:\FWH1109\LIB\FIVEHX.LIB|SCRLLBAR ACBP=A9
 0001:000062B0 000000ED C=CODE    S=_TEXT    G=(none)   M=C:\FWH1109\LIB\FIVEHX.LIB|SHELLAPI ACBP=A9
 0001:000063A0 0000017D C=CODE    S=_TEXT    G=(none)   M=C:\FWH1109\LIB\FIVEHX.LIB|STATUSBA ACBP=A9
 0001:00006520 000000ED C=CODE    S=_TEXT    G=(none)   M=C:\FWH1109\LIB\FIVEHX.LIB|TACCTBL ACBP=A9
 0001:00006610 0000008D C=CODE    S=_TEXT    G=(none)   M=C:\FWH1109\LIB\FIVEHX.LIB|TCLIPGET ACBP=A9
 0001:000066A0 00000195 C=CODE    S=_TEXT    G=(none)   M=C:\FWH1109\LIB\FIVEHX.LIB|TFILE ACBP=A9
 0001:00006838 00000480 C=CODE    S=_TEXT    G=(none)   M=C:\FWH1109\LIB\FIVEHX.LIB|TGET ACBP=A9
 0001:00006CB8 0000014D C=CODE    S=_TEXT    G=(none)   M=C:\FWH1109\LIB\FIVEHX.LIB|TOOLBAR ACBP=A9
 0001:00006E08 000000D5 C=CODE    S=_TEXT    G=(none)   M=C:\FWH1109\LIB\FIVEHX.LIB|TIMAGLST ACBP=A9
 0001:00006EE0 000000D5 C=CODE    S=_TEXT    G=(none)   M=C:\FWH1109\LIB\FIVEHX.LIB|TIMER ACBP=A9
 0001:00006FB8 000001DD C=CODE    S=_TEXT    G=(none)   M=C:\FWH1109\LIB\FIVEHX.LIB|TMETAFIL ACBP=A9
 0001:00007198 000000ED C=CODE    S=_TEXT    G=(none)   M=C:\FWH1109\LIB\FIVEHX.LIB|TMSGITEM ACBP=A9
 0001:00007288 000005A0 C=CODE    S=_TEXT    G=(none)   M=C:\FWH1109\LIB\FIVEHX.LIB|TRICHEDI ACBP=A9
 0001:00007828 00000105 C=CODE    S=_TEXT    G=(none)   M=C:\FWH1109\LIB\FIVEHX.LIB|TSTRUCT ACBP=A9
 0001:00007930 000001AD C=CODE    S=_TEXT    G=(none)   M=C:\FWH1109\LIB\FIVEHX.LIB|TTXTFILE ACBP=A9
 0001:00007AE0 0000005D C=CODE    S=_TEXT    G=(none)   M=C:\FWH1109\LIB\FIVEHX.LIB|WQOUT ACBP=A9
 0001:00007B40 000000A5 C=CODE    S=_TEXT    G=(none)   M=C:\FWH1109\LIB\FIVEHX.LIB|XPAD ACBP=A9
 0001:00007BE8 000000A5 C=CODE    S=_TEXT    G=(none)   M=C:\FWH1109\LIB\FIVEHX.LIB|CURSOR ACBP=A9
 0001:00007C90 00000153 C=CODE    S=_TEXT    G=(none)   M=C:\FWH1109\LIB\FIVEHX.LIB|GETTASKS ACBP=A9
 0001:00007DE4 0000014D C=CODE    S=_TEXT    G=(none)   M=C:\FWH1109\LIB\FIVEHX.LIB|VALBLANK ACBP=A9
 0001:00007F34 0000014D C=CODE    S=_TEXT    G=(none)   M=C:\FWH1109\LIB\FIVEHX.LIB|SAY ACBP=A9
 0001:00008084 0000014D C=CODE    S=_TEXT    G=(none)   M=C:\FWH1109\LIB\FIVEHX.LIB|ERRSYSW ACBP=A9
 0001:000081D4 0000054D C=CODE    S=_TEXT    G=(none)   M=C:\FWH1109\LIB\FIVEHX.LIB|PRV2PDF ACBP=A9
 0001:00008724 00000138 C=CODE    S=_TEXT    G=(none)   M=C:\FWH1109\LIB\FIVEHX.LIB|MDICHILD ACBP=A9
 0001:0000885C 000002A0 C=CODE    S=_TEXT    G=(none)   M=C:\FWH1109\LIB\FIVEHX.LIB|MSGBAR ACBP=A9
 0001:00008AFC 000002D0 C=CODE    S=_TEXT    G=(none)   M=C:\FWH1109\LIB\FIVEHX.LIB|COMBOBOX ACBP=A9
 0001:00008DCC 00000450 C=CODE    S=_TEXT    G=(none)   M=C:\FWH1109\LIB\FIVEHX.LIB|CONTROL ACBP=A9
 0001:0000921C 00000318 C=CODE    S=_TEXT    G=(none)   M=C:\FWH1109\LIB\FIVEHX.LIB|DIALOG ACBP=A9
 0001:00009534 0000026D C=CODE    S=_TEXT    G=(none)   M=C:\FWH1109\LIB\FIVEHX.LIB|FILENAME ACBP=A9
 0001:000097A4 00000348 C=CODE    S=_TEXT    G=(none)   M=C:\FWH1109\LIB\FIVEHX.LIB|MENU ACBP=A9
 0001:00009AEC 00000105 C=CODE    S=_TEXT    G=(none)   M=C:\FWH1109\LIB\FIVEHX.LIB|OLEFUNCS ACBP=A9
 0001:00009BF4 00000330 C=CODE    S=_TEXT    G=(none)   M=C:\FWH1109\LIB\FIVEHX.LIB|RPREVIEW ACBP=A9
 0001:00009F24 00000A80 C=CODE    S=_TEXT    G=(none)   M=C:\FWH1109\LIB\FIVEHX.LIB|WINDOW ACBP=A9
 0001:0000A9A4 0000014D C=CODE    S=_TEXT    G=(none)   M=C:\FWH1109\LIB\FIVEHX.LIB|GETSYSIN ACBP=A9
 0001:0000AAF4 000002E8 C=CODE    S=_TEXT    G=(none)   M=C:\FWH1109\LIB\FIVEHX.LIB|BTNBMP ACBP=A9
 0001:0000ADDC 0000012F C=CODE    S=_TEXT    G=(none)   M=C:\FWH1109\LIB\FIVEHC.LIB|BITMAPS ACBP=A9
 0001:0000AF0C 00000068 C=CODE    S=_TEXT    G=(none)   M=C:\FWH1109\LIB\FIVEHC.LIB|CHANGEPR ACBP=A9
 0001:0000AF74 00000104 C=CODE    S=_TEXT    G=(none)   M=C:\FWH1109\LIB\FIVEHC.LIB|CLT2SCR ACBP=A9
 0001:0000B078 0000002C C=CODE    S=_TEXT    G=(none)   M=C:\FWH1109\LIB\FIVEHC.LIB|CREATEPA ACBP=A9
 0001:0000B0A4 00000729 C=CODE    S=_TEXT    G=(none)   M=C:\FWH1109\LIB\FIVEHC.LIB|CTRLDRAW ACBP=A9
 0001:0000B7D0 000001D5 C=CODE    S=_TEXT    G=(none)   M=C:\FWH1109\LIB\FIVEHC.LIB|MDI ACBP=A9
 0001:0000B9A8 00000143 C=CODE    S=_TEXT    G=(none)   M=C:\FWH1109\LIB\FIVEHC.LIB|MSGSAPI ACBP=A9
 0001:0000BAEC 00000403 C=CODE    S=_TEXT    G=(none)   M=C:\FWH1109\LIB\FIVEHC.LIB|MSGTOOLS ACBP=A9
 0001:0000BEF0 0000008C C=CODE    S=_TEXT    G=(none)   M=C:\FWH1109\LIB\FIVEHC.LIB|OCX ACBP=A9
 0001:0000BF7C 000001BD C=CODE    S=_TEXT    G=(none)   M=C:\FWH1109\LIB\FIVEHC.LIB|OEMANSI ACBP=A9
 0001:0000C13C 000000AF C=CODE    S=_TEXT    G=(none)   M=C:\FWH1109\LIB\FIVEHC.LIB|REGIONS ACBP=A9
 0001:0000C1EC 00001A80 C=CODE    S=_TEXT    G=(none)   M=C:\FWH1109\LIB\FIVEHC.LIB|RIBBON ACBP=A9
 0001:0000DC6C 00000047 C=CODE    S=_TEXT    G=(none)   M=C:\FWH1109\LIB\FIVEHC.LIB|STRING ACBP=A9
 0001:0000DCB4 00000178 C=CODE    S=_TEXT    G=(none)   M=C:\FWH1109\LIB\FIVEHC.LIB|WINDOWS ACBP=A9
 0001:0000DE2C 000001D5 C=CODE    S=_TEXT    G=(none)   M=C:\FWH1109\LIB\FIVEHC.LIB|WINEXEC ACBP=A9
 0001:0000E004 000000A9 C=CODE    S=_TEXT    G=(none)   M=C:\FWH1109\LIB\FIVEHC.LIB|WMOUSE ACBP=A9
 0001:0000E0B0 00000033 C=CODE    S=_TEXT    G=(none)   M=C:\FWH1109\LIB\FIVEHC.LIB|WNDDESTR ACBP=A9
 0001:0000E0E4 000004DC C=CODE    S=_TEXT    G=(none)   M=C:\FWH1109\LIB\FIVEHC.LIB|WNDIS ACBP=A9
 0001:0000E5C0 0000007D C=CODE    S=_TEXT    G=(none)   M=C:\FWH1109\LIB\FIVEHC.LIB|__WNDPRO ACBP=A9
 0001:0000E640 00000157 C=CODE    S=_TEXT    G=(none)   M=C:\FWH1109\LIB\FIVEHC.LIB|BMPREAD ACBP=A9
 0001:0000E798 00002B0C C=CODE    S=_TEXT    G=(none)   M=C:\FWH1109\LIB\FIVEHC.LIB|CTLHDLEH ACBP=A9
 0001:000112A4 000006EB C=CODE    S=_TEXT    G=(none)   M=C:\FWH1109\LIB\FIVEHC.LIB|DLGBOX ACBP=A9
 0001:00011990 0000018F C=CODE    S=_TEXT    G=(none)   M=C:\FWH1109\LIB\FIVEHC.LIB|FFDLGPRC ACBP=A9
 0001:00011B20 0000010C C=CODE    S=_TEXT    G=(none)   M=C:\FWH1109\LIB\FIVEHC.LIB|FFWNDRUN ACBP=A9
 0001:00011C2C 000001D1 C=CODE    S=_TEXT    G=(none)   M=C:\FWH1109\LIB\FIVEHC.LIB|HARBOURC ACBP=A9
 0001:00011E00 000000D3 C=CODE    S=_TEXT    G=(none)   M=C:\FWH1109\LIB\FIVEHC.LIB|REBARS ACBP=A9
 0001:00011ED4 0000014D C=CODE    S=_TEXT    G=(none)   M=C:\FWH1109\LIB\FIVEHC.LIB|SYSREFRE ACBP=A9
 0001:00012024 000003B6 C=CODE    S=_TEXT    G=(none)   M=C:\FWH1109\LIB\FIVEHC.LIB|TOOLBARS ACBP=A9
 0001:000123DC 0000012C C=CODE    S=_TEXT    G=(none)   M=C:\FWH1109\LIB\FIVEHC.LIB|TOOLTIP ACBP=A9
 0001:00012508 0000020C C=CODE    S=_TEXT    G=(none)   M=C:\FWH1109\LIB\FIVEHC.LIB|WNDRUN ACBP=A9
 0001:00012714 0000006D C=CODE    S=_TEXT    G=(none)   M=C:\FWH1109\LIB\FIVEHC.LIB|XBPPPROC ACBP=A9
 0001:00012784 0000051B C=CODE    S=_TEXT    G=(none)   M=C:\FWH1109\LIB\FIVEHC.LIB|FWPALCTL ACBP=A9
 0001:00012CA0 00000FC6 C=CODE    S=_TEXT    G=(none)   M=C:\FWH1109\LIB\FIVEHC.LIB|THEMES ACBP=A9
 0001:00013C68 000016D8 C=CODE    S=_TEXT    G=(none)   M=C:\FWH1109\LIB\FIVEHC.LIB|ACTX ACBP=A9
 0001:00015340 000000D7 C=CODE    S=_TEXT    G=(none)   M=C:\FWH1109\LIB\FIVEHC.LIB|AAT ACBP=A9
 0001:00015418 000001B4 C=CODE    S=_TEXT    G=(none)   M=C:\FWH1109\LIB\FIVEHC.LIB|ACCELERA ACBP=A9
 0001:000155CC 000000F4 C=CODE    S=_TEXT    G=(none)   M=C:\FWH1109\LIB\FIVEHC.LIB|ANSIUP ACBP=A9
 0001:000156C0 00000071 C=CODE    S=_TEXT    G=(none)   M=C:\FWH1109\LIB\FIVEHC.LIB|ATOM ACBP=A9
 0001:00015734 00000391 C=CODE    S=_TEXT    G=(none)   M=C:\FWH1109\LIB\FIVEHC.LIB|BARTOOLS ACBP=A9
 0001:00015AC8 00000E5C C=CODE    S=_TEXT    G=(none)   M=C:\FWH1109\LIB\FIVEHC.LIB|BMPDRAW ACBP=A9
 0001:00016924 000022B2 C=CODE    S=_TEXT    G=(none)   M=C:\FWH1109\LIB\FIVEHC.LIB|BRUSHES ACBP=A9
 0001:00018BD8 00000567 C=CODE    S=_TEXT    G=(none)   M=C:\FWH1109\LIB\FIVEHC.LIB|CALLDLL ACBP=A9
 0001:00019140 00000235 C=CODE    S=_TEXT    G=(none)   M=C:\FWH1109\LIB\FIVEHC.LIB|CALDLL32 ACBP=A9
 0001:00019378 000000B3 C=CODE    S=_TEXT    G=(none)   M=C:\FWH1109\LIB\FIVEHC.LIB|CARET ACBP=A9
 0001:0001942C 00000189 C=CODE    S=_TEXT    G=(none)   M=C:\FWH1109\LIB\FIVEHC.LIB|CLPBRD ACBP=A9
 0001:000195B8 0000012E C=CODE    S=_TEXT    G=(none)   M=C:\FWH1109\LIB\FIVEHC.LIB|CLRCHOOS ACBP=A9
 0001:000196E8 00000298 C=CODE    S=_TEXT    G=(none)   M=C:\FWH1109\LIB\FIVEHC.LIB|CODEGTF ACBP=A9
 0001:00019980 000000F7 C=CODE    S=_TEXT    G=(none)   M=C:\FWH1109\LIB\FIVEHC.LIB|COLOR ACBP=A9
 0001:00019A78 0000036F C=CODE    S=_TEXT    G=(none)   M=C:\FWH1109\LIB\FIVEHC.LIB|COLORTON ACBP=A9
 0001:00019DE8 0000002C C=CODE    S=_TEXT    G=(none)   M=C:\FWH1109\LIB\FIVEHC.LIB|CREATEPE ACBP=A9
 0001:00019E14 00000061 C=CODE    S=_TEXT    G=(none)   M=C:\FWH1109\LIB\FIVEHC.LIB|CREATESO ACBP=A9
 0001:00019E78 000000BF C=CODE    S=_TEXT    G=(none)   M=C:\FWH1109\LIB\FIVEHC.LIB|CREATWND ACBP=A9
 0001:00019F38 000002FE C=CODE    S=_TEXT    G=(none)   M=C:\FWH1109\LIB\FIVEHC.LIB|CTL3D ACBP=A9
 0001:0001A238 000001E0 C=CODE    S=_TEXT    G=(none)   M=C:\FWH1109\LIB\FIVEHC.LIB|CTRL2CHR ACBP=A9
 0001:0001A418 00000A2F C=CODE    S=_TEXT    G=(none)   M=C:\FWH1109\LIB\FIVEHC.LIB|CURSORS ACBP=A9
 0001:0001AE48 00000750 C=CODE    S=_TEXT    G=(none)   M=C:\FWH1109\LIB\FIVEHC.LIB|DC ACBP=A9
 0001:0001B598 0000007A C=CODE    S=_TEXT    G=(none)   M=C:\FWH1109\LIB\FIVEHC.LIB|DDEXC ACBP=A9
 0001:0001B614 00000070 C=CODE    S=_TEXT    G=(none)   M=C:\FWH1109\LIB\FIVEHC.LIB|DELOBJEC ACBP=A9
 0001:0001B684 00000190 C=CODE    S=_TEXT    G=(none)   M=C:\FWH1109\LIB\FIVEHC.LIB|DEVICE ACBP=A9
 0001:0001B814 00000044 C=CODE    S=_TEXT    G=(none)   M=C:\FWH1109\LIB\FIVEHC.LIB|DESKTOP ACBP=A9
 0001:0001B858 0000053F C=CODE    S=_TEXT    G=(none)   M=C:\FWH1109\LIB\FIVEHC.LIB|DIB ACBP=A9
 0001:0001BD98 000003A1 C=CODE    S=_TEXT    G=(none)   M=C:\FWH1109\LIB\FIVEHC.LIB|DIBBMP ACBP=A9
 0001:0001C13C 00000220 C=CODE    S=_TEXT    G=(none)   M=C:\FWH1109\LIB\FIVEHC.LIB|DLG2CHR ACBP=A9
 0001:0001C35C 000002B5 C=CODE    S=_TEXT    G=(none)   M=C:\FWH1109\LIB\FIVEHC.LIB|DOTS ACBP=A9
 0001:0001C614 00000661 C=CODE    S=_TEXT    G=(none)   M=C:\FWH1109\LIB\FIVEHC.LIB|DRAWING ACBP=A9
 0001:0001CC78 00000103 C=CODE    S=_TEXT    G=(none)   M=C:\FWH1109\LIB\FIVEHC.LIB|DRAWITEM ACBP=A9
 0001:0001CD7C 000002C3 C=CODE    S=_TEXT    G=(none)   M=C:\FWH1109\LIB\FIVEHC.LIB|DRIVES ACBP=A9
 0001:0001D040 000000D0 C=CODE    S=_TEXT    G=(none)   M=C:\FWH1109\LIB\FIVEHC.LIB|DROPFILE ACBP=A9
 0001:0001D110 00000244 C=CODE    S=_TEXT    G=(none)   M=C:\FWH1109\LIB\FIVEHC.LIB|FGETCLIP ACBP=A9
 0001:0001D354 00001398 C=CODE    S=_TEXT    G=(none)   M=C:\FWH1109\LIB\FIVEHC.LIB|FGETLINE ACBP=A9
 0001:0001E6EC 000000A5 C=CODE    S=_TEXT    G=(none)   M=C:\FWH1109\LIB\FIVEHC.LIB|FINDTEXT ACBP=A9
 0001:0001E794 0000063C C=CODE    S=_TEXT    G=(none)   M=C:\FWH1109\LIB\FIVEHC.LIB|FONTS ACBP=A9
 0001:0001EDD0 000002D1 C=CODE    S=_TEXT    G=(none)   M=C:\FWH1109\LIB\FIVEHC.LIB|FTEXT ACBP=A9
 0001:0001F0A4 00000552 C=CODE    S=_TEXT    G=(none)   M=C:\FWH1109\LIB\FIVEHC.LIB|FWARRAY ACBP=A9
 0001:0001F5F8 0000006C C=CODE    S=_TEXT    G=(none)   M=C:\FWH1109\LIB\FIVEHC.LIB|GETDLGIT ACBP=A9
 0001:0001F664 000004C5 C=CODE    S=_TEXT    G=(none)   M=C:\FWH1109\LIB\FIVEHC.LIB|GETFILE ACBP=A9
 0001:0001FB2C 000000DE C=CODE    S=_TEXT    G=(none)   M=C:\FWH1109\LIB\FIVEHC.LIB|GETPROCA ACBP=A9
 0001:0001FC0C 0000005E C=CODE    S=_TEXT    G=(none)   M=C:\FWH1109\LIB\FIVEHC.LIB|GETSTKOB ACBP=A9
 0001:0001FC6C 000000F4 C=CODE    S=_TEXT    G=(none)   M=C:\FWH1109\LIB\FIVEHC.LIB|GETTEXT ACBP=A9
 0001:0001FD60 00000100 C=CODE    S=_TEXT    G=(none)   M=C:\FWH1109\LIB\FIVEHC.LIB|GETTEXTW ACBP=A9
 0001:0001FE60 000000C4 C=CODE    S=_TEXT    G=(none)   M=C:\FWH1109\LIB\FIVEHC.LIB|GETWND ACBP=A9
 0001:0001FF24 000004AA C=CODE    S=_TEXT    G=(none)   M=C:\FWH1109\LIB\FIVEHC.LIB|HANDLIST ACBP=A9
 0001:000203D0 00000270 C=CODE    S=_TEXT    G=(none)   M=C:\FWH1109\LIB\FIVEHC.LIB|HELP ACBP=A9
 0001:00020640 000000B8 C=CODE    S=_TEXT    G=(none)   M=C:\FWH1109\LIB\FIVEHC.LIB|HILOWORD ACBP=A9
 0001:000206F8 00000615 C=CODE    S=_TEXT    G=(none)   M=C:\FWH1109\LIB\FIVEHC.LIB|ICONS ACBP=A9
 0001:00020D10 000001FF C=CODE    S=_TEXT    G=(none)   M=C:\FWH1109\LIB\FIVEHC.LIB|IMAGELIS ACBP=A9
 0001:00020F10 00000119 C=CODE    S=_TEXT    G=(none)   M=C:\FWH1109\LIB\FIVEHC.LIB|INSTANCE ACBP=A9
 0001:0002102C 0000016A C=CODE    S=_TEXT    G=(none)   M=C:\FWH1109\LIB\FIVEHC.LIB|KEYBRD ACBP=A9
 0001:00021198 0000011F C=CODE    S=_TEXT    G=(none)   M=C:\FWH1109\LIB\FIVEHC.LIB|LBX ACBP=A9
 0001:000212B8 0000008D C=CODE    S=_TEXT    G=(none)   M=C:\FWH1109\LIB\FIVEHC.LIB|LOADBMP ACBP=A9
 0001:00021348 00000034 C=CODE    S=_TEXT    G=(none)   M=C:\FWH1109\LIB\FIVEHC.LIB|MAKELONG ACBP=A9
 0001:0002137C 0000072C C=CODE    S=_TEXT    G=(none)   M=C:\FWH1109\LIB\FIVEHC.LIB|MENUS ACBP=A9
 0001:00021AA8 0000032C C=CODE    S=_TEXT    G=(none)   M=C:\FWH1109\LIB\FIVEHC.LIB|METAFILE ACBP=A9
 0001:00021DD4 00000222 C=CODE    S=_TEXT    G=(none)   M=C:\FWH1109\LIB\FIVEHC.LIB|METAFI32 ACBP=A9
 0001:00021FF8 000000A1 C=CODE    S=_TEXT    G=(none)   M=C:\FWH1109\LIB\FIVEHC.LIB|MGETCREA ACBP=A9
 0001:0002209C 0000006A C=CODE    S=_TEXT    G=(none)   M=C:\FWH1109\LIB\FIVEHC.LIB|MOVETO ACBP=A9
 0001:00022108 0000001F C=CODE    S=_TEXT    G=(none)   M=C:\FWH1109\LIB\FIVEHC.LIB|MSGBEEP ACBP=A9
 0001:00022128 00000832 C=CODE    S=_TEXT    G=(none)   M=C:\FWH1109\LIB\FIVEHC.LIB|MSGS ACBP=A9
 0001:0002295C 00000041 C=CODE    S=_TEXT    G=(none)   M=C:\FWH1109\LIB\FIVEHC.LIB|NOTIFY ACBP=A9
 0001:000229A0 000001E9 C=CODE    S=_TEXT    G=(none)   M=C:\FWH1109\LIB\FIVEHC.LIB|OR ACBP=A9
 0001:00022B8C 00000058 C=CODE    S=_TEXT    G=(none)   M=C:\FWH1109\LIB\FIVEHC.LIB|PAINT ACBP=A9
 0001:00022BE4 0000005C C=CODE    S=_TEXT    G=(none)   M=C:\FWH1109\LIB\FIVEHC.LIB|PEEKMSG ACBP=A9
 0001:00022C40 00000C37 C=CODE    S=_TEXT    G=(none)   M=C:\FWH1109\LIB\FIVEHC.LIB|PRINTDC ACBP=A9
 0001:00023878 0000020F C=CODE    S=_TEXT    G=(none)   M=C:\FWH1109\LIB\FIVEHC.LIB|PROFILE ACBP=A9
 0001:00023A88 000007FF C=CODE    S=_TEXT    G=(none)   M=C:\FWH1109\LIB\FIVEHC.LIB|RECTS ACBP=A9
 0001:00024288 0000010D C=CODE    S=_TEXT    G=(none)   M=C:\FWH1109\LIB\FIVEHC.LIB|REGCLASS ACBP=A9
 0001:00024398 00000391 C=CODE    S=_TEXT    G=(none)   M=C:\FWH1109\LIB\FIVEHC.LIB|REGEDIT ACBP=A9
 0001:0002472C 00000273 C=CODE    S=_TEXT    G=(none)   M=C:\FWH1109\LIB\FIVEHC.LIB|RESOURCE ACBP=A9
 0001:000249A0 00002170 C=CODE    S=_TEXT    G=(none)   M=C:\FWH1109\LIB\FIVEHC.LIB|RICHEDIT ACBP=A9
 0001:00026B10 000001BA C=CODE    S=_TEXT    G=(none)   M=C:\FWH1109\LIB\FIVEHC.LIB|SCROLL ACBP=A9
 0001:00026CCC 00000023 C=CODE    S=_TEXT    G=(none)   M=C:\FWH1109\LIB\FIVEHC.LIB|SELOBJEC ACBP=A9
 0001:00026CF0 00000057 C=CODE    S=_TEXT    G=(none)   M=C:\FWH1109\LIB\FIVEHC.LIB|SETMAPMO ACBP=A9
 0001:00026D48 00000048 C=CODE    S=_TEXT    G=(none)   M=C:\FWH1109\LIB\FIVEHC.LIB|SETTEXT ACBP=A9
 0001:00026D90 000002BE C=CODE    S=_TEXT    G=(none)   M=C:\FWH1109\LIB\FIVEHC.LIB|STRTOKEN ACBP=A9
 0001:00027050 00000303 C=CODE    S=_TEXT    G=(none)   M=C:\FWH1109\LIB\FIVEHC.LIB|TEXT ACBP=A9
 0001:00027354 00000069 C=CODE    S=_TEXT    G=(none)   M=C:\FWH1109\LIB\FIVEHC.LIB|TIMERS ACBP=A9
 0001:000273C0 00000035 C=CODE    S=_TEXT    G=(none)   M=C:\FWH1109\LIB\FIVEHC.LIB|WIN2000 ACBP=A9
 0001:000273F8 000006D4 C=CODE    S=_TEXT    G=(none)   M=C:\FWH1109\LIB\FIVEHC.LIB|WNDBOXES ACBP=A9
 0001:00027ACC 000001AB C=CODE    S=_TEXT    G=(none)   M=C:\FWH1109\LIB\FIVEHC.LIB|WNDCENTE ACBP=A9
 0001:00027C78 0000007B C=CODE    S=_TEXT    G=(none)   M=C:\FWH1109\LIB\FIVEHC.LIB|WNDISOVE ACBP=A9
 0001:00027CF4 00000B7F C=CODE    S=_TEXT    G=(none)   M=C:\FWH1109\LIB\FIVEHC.LIB|WNDMOVE ACBP=A9
 0001:00028874 00000050 C=CODE    S=_TEXT    G=(none)   M=C:\FWH1109\LIB\FIVEHC.LIB|WNDPOS ACBP=A9
 0001:000288C4 000001F7 C=CODE    S=_TEXT    G=(none)   M=C:\FWH1109\LIB\FIVEHC.LIB|WNDPRINT ACBP=A9
 0001:00028ABC 000002F8 C=CODE    S=_TEXT    G=(none)   M=C:\FWH1109\LIB\FIVEHC.LIB|WNDSAY ACBP=A9
 0001:00028DB4 00000240 C=CODE    S=_TEXT    G=(none)   M=C:\FWH1109\LIB\FIVEHC.LIB|WNDSCROL ACBP=A9
 0001:00028FF4 0000003B C=CODE    S=_TEXT    G=(none)   M=C:\FWH1109\LIB\FIVEHC.LIB|WNDUPDAT ACBP=A9
 0001:00029030 000001D8 C=CODE    S=_TEXT    G=(none)   M=C:\FWH1109\LIB\FIVEHC.LIB|MEM ACBP=A9
 0001:00029208 00000601 C=CODE    S=_TEXT    G=(none)   M=C:\FWH1109\LIB\FIVEHC.LIB|WINSOCK ACBP=A9
 0001:0002980C 0000135C C=CODE    S=_TEXT    G=(none)   M=C:\FWH1109\LIB\FIVEHC.LIB|FWBMP ACBP=A9
 0001:0002AB68 00000160 C=CODE    S=_TEXT    G=(none)   M=C:\XHB121\LIB\RTL.LIB|abs ACBP=A9
 0001:0002ACC8 000002BA C=CODE    S=_TEXT    G=(none)   M=C:\XHB121\LIB\RTL.LIB|at ACBP=A9
 0001:0002AF84 00000648 C=CODE    S=_TEXT    G=(none)   M=C:\XHB121\LIB\RTL.LIB|bkgtsks ACBP=A9
 0001:0002B5CC 000001D5 C=CODE    S=_TEXT    G=(none)   M=C:\XHB121\LIB\RTL.LIB|binnum ACBP=A9
 0001:0002B7A4 000023D8 C=CODE    S=_TEXT    G=(none)   M=C:\XHB121\LIB\RTL.LIB|cdpapi ACBP=A9
 0001:0002DB7C 000000A9 C=CODE    S=_TEXT    G=(none)   M=C:\XHB121\LIB\RTL.LIB|chrasc ACBP=A9
 0001:0002DC28 000000B6 C=CODE    S=_TEXT    G=(none)   M=C:\XHB121\LIB\RTL.LIB|colorind ACBP=A9
 0001:0002DCE0 00000AA7 C=CODE    S=_TEXT    G=(none)   M=C:\XHB121\LIB\RTL.LIB|console ACBP=A9
 0001:0002E788 00000133 C=CODE    S=_TEXT    G=(none)   M=C:\XHB121\LIB\RTL.LIB|datec ACBP=A9
 0001:0002E8BC 00000E87 C=CODE    S=_TEXT    G=(none)   M=C:\XHB121\LIB\RTL.LIB|dateshb ACBP=A9
 0001:0002F744 00000793 C=CODE    S=_TEXT    G=(none)   M=C:\XHB121\LIB\RTL.LIB|direct ACBP=A9
 0001:0002FED8 00000EB2 C=CODE    S=_TEXT    G=(none)   M=C:\XHB121\LIB\RTL.LIB|dllcall ACBP=A9
 0001:00030D8C 0000018C C=CODE    S=_TEXT    G=(none)   M=C:\XHB121\LIB\RTL.LIB|empty ACBP=A9
 0001:00030F18 00000142 C=CODE    S=_TEXT    G=(none)   M=C:\XHB121\LIB\RTL.LIB|file ACBP=A9
 0001:0003105C 00000B64 C=CODE    S=_TEXT    G=(none)   M=C:\XHB121\LIB\RTL.LIB|filebuf ACBP=A9
 0001:00031BC0 00000052 C=CODE    S=_TEXT    G=(none)   M=C:\XHB121\LIB\RTL.LIB|filehb ACBP=A9
 0001:00031C14 00001CB6 C=CODE    S=_TEXT    G=(none)   M=C:\XHB121\LIB\RTL.LIB|filesys ACBP=A9
 0001:000338CC 000000CE C=CODE    S=_TEXT    G=(none)   M=C:\XHB121\LIB\RTL.LIB|fserror ACBP=A9
 0001:0003399C 000000CC C=CODE    S=_TEXT    G=(none)   M=C:\XHB121\LIB\RTL.LIB|fnsplit ACBP=A9
 0001:00033A68 00000896 C=CODE    S=_TEXT    G=(none)   M=C:\XHB121\LIB\RTL.LIB|fparse ACBP=A9
 0001:00034300 000000EC C=CODE    S=_TEXT    G=(none)   M=C:\XHB121\LIB\RTL.LIB|fssize ACBP=A9
 0001:000343EC 00000302 C=CODE    S=_TEXT    G=(none)   M=C:\XHB121\LIB\RTL.LIB|fstemp ACBP=A9
 0001:000346F0 000000A5 C=CODE    S=_TEXT    G=(none)   M=C:\XHB121\LIB\RTL.LIB|gete ACBP=A9
 0001:00034798 00000028 C=CODE    S=_TEXT    G=(none)   M=C:\XHB121\LIB\RTL.LIB|gt ACBP=A9
 0001:000347C0 00000EDA C=CODE    S=_TEXT    G=(none)   M=C:\XHB121\LIB\RTL.LIB|gtapi ACBP=A9
 0001:0003569C 000002A5 C=CODE    S=_TEXT    G=(none)   M=C:\XHB121\LIB\RTL.LIB|gtclip ACBP=A9
 0001:00035944 00000005 C=CODE    S=_TEXT    G=(none)   M=C:\XHB121\LIB\RTL.LIB|gtsys ACBP=A9
 0001:0003594C 000003E0 C=CODE    S=_TEXT    G=(none)   M=C:\XHB121\LIB\RTL.LIB|hbbitf ACBP=A9
 0001:00035D2C 000007E1 C=CODE    S=_TEXT    G=(none)   M=C:\XHB121\LIB\RTL.LIB|hbffind ACBP=A9
 0001:00036510 00003B3C C=CODE    S=_TEXT    G=(none)   M=C:\XHB121\LIB\RTL.LIB|hbgtcore ACBP=A9
 0001:0003A04C 0000044A C=CODE    S=_TEXT    G=(none)   M=C:\XHB121\LIB\RTL.LIB|hbhex2n ACBP=A9
 0001:0003A498 0000026B C=CODE    S=_TEXT    G=(none)   M=C:\XHB121\LIB\RTL.LIB|hbrandom ACBP=A9
 0001:0003A704 0000071A C=CODE    S=_TEXT    G=(none)   M=C:\XHB121\LIB\RTL.LIB|hbserv ACBP=A9
 0001:0003AE20 00002E75 C=CODE    S=_TEXT    G=(none)   M=C:\XHB121\LIB\RTL.LIB|hbxml ACBP=A9
 0001:0003DC98 00000420 C=CODE    S=_TEXT    G=(none)   M=C:\XHB121\LIB\RTL.LIB|idle ACBP=A9
 0001:0003E0B8 0000047A C=CODE    S=_TEXT    G=(none)   M=C:\XHB121\LIB\RTL.LIB|inkey ACBP=A9
 0001:0003E534 0000010F C=CODE    S=_TEXT    G=(none)   M=C:\XHB121\LIB\RTL.LIB|inkeyapi ACBP=A9
 0001:0003E644 0000034C C=CODE    S=_TEXT    G=(none)   M=C:\XHB121\LIB\RTL.LIB|is ACBP=A9
 0001:0003E990 00000266 C=CODE    S=_TEXT    G=(none)   M=C:\XHB121\LIB\RTL.LIB|langapi ACBP=A9
 0001:0003EBF8 000000B3 C=CODE    S=_TEXT    G=(none)   M=C:\XHB121\LIB\RTL.LIB|left ACBP=A9
 0001:0003ECAC 0000006E C=CODE    S=_TEXT    G=(none)   M=C:\XHB121\LIB\RTL.LIB|len ACBP=A9
 0001:0003ED1C 00000999 C=CODE    S=_TEXT    G=(none)   M=C:\XHB121\LIB\RTL.LIB|math ACBP=A9
 0001:0003F6B8 000001BE C=CODE    S=_TEXT    G=(none)   M=C:\XHB121\LIB\RTL.LIB|memofile ACBP=A9
 0001:0003F878 000004BA C=CODE    S=_TEXT    G=(none)   M=C:\XHB121\LIB\RTL.LIB|minmax ACBP=A9
 0001:0003FD34 000008A2 C=CODE    S=_TEXT    G=(none)   M=C:\XHB121\LIB\RTL.LIB|mlcfunc ACBP=A9
 0001:000405D8 00000062 C=CODE    S=_TEXT    G=(none)   M=C:\XHB121\LIB\RTL.LIB|net ACBP=A9
 0001:0004063C 000000B4 C=CODE    S=_TEXT    G=(none)   M=C:\XHB121\LIB\RTL.LIB|oemansi ACBP=A9
 0001:000406F0 0000000A C=CODE    S=_TEXT    G=(none)   M=C:\XHB121\LIB\RTL.LIB|pad ACBP=A9
 0001:000406FC 00000114 C=CODE    S=_TEXT    G=(none)   M=C:\XHB121\LIB\RTL.LIB|padc ACBP=A9
 0001:00040810 000000E7 C=CODE    S=_TEXT    G=(none)   M=C:\XHB121\LIB\RTL.LIB|padl ACBP=A9
 0001:000408F8 000000DF C=CODE    S=_TEXT    G=(none)   M=C:\XHB121\LIB\RTL.LIB|padr ACBP=A9
 0001:000409D8 00000BBF C=CODE    S=_TEXT    G=(none)   M=C:\XHB121\LIB\RTL.LIB|philes ACBP=A9
 0001:00041598 000000E4 C=CODE    S=_TEXT    G=(none)   M=C:\XHB121\LIB\RTL.LIB|rat ACBP=A9
 0001:0004167C 000010C3 C=CODE    S=_TEXT    G=(none)   M=C:\XHB121\LIB\RTL.LIB|regex ACBP=A9
 0001:00042740 00000130 C=CODE    S=_TEXT    G=(none)   M=C:\XHB121\LIB\RTL.LIB|replic ACBP=A9
 0001:00042870 00000081 C=CODE    S=_TEXT    G=(none)   M=C:\XHB121\LIB\RTL.LIB|right ACBP=A9
 0001:000428F4 00000127 C=CODE    S=_TEXT    G=(none)   M=C:\XHB121\LIB\RTL.LIB|round ACBP=A9
 0001:00042A1C 000001E0 C=CODE    S=_TEXT    G=(none)   M=C:\XHB121\LIB\RTL.LIB|samples ACBP=A9
 0001:00042BFC 0000029D C=CODE    S=_TEXT    G=(none)   M=C:\XHB121\LIB\RTL.LIB|seconds ACBP=A9
 0001:00042E9C 00004DC1 C=CODE    S=_TEXT    G=(none)   M=C:\XHB121\LIB\RTL.LIB|set ACBP=A9
 0001:00047C60 0000012A C=CODE    S=_TEXT    G=(none)   M=C:\XHB121\LIB\RTL.LIB|setcolor ACBP=A9
 0001:00047D8C 00000061 C=CODE    S=_TEXT    G=(none)   M=C:\XHB121\LIB\RTL.LIB|setcurs ACBP=A9
 0001:00047DF0 000005AF C=CODE    S=_TEXT    G=(none)   M=C:\XHB121\LIB\RTL.LIB|setkey ACBP=A9
 0001:000483A0 00000083 C=CODE    S=_TEXT    G=(none)   M=C:\XHB121\LIB\RTL.LIB|setpos ACBP=A9
 0001:00048424 0000002A C=CODE    S=_TEXT    G=(none)   M=C:\XHB121\LIB\RTL.LIB|setposbs ACBP=A9
 0001:00048450 00000078 C=CODE    S=_TEXT    G=(none)   M=C:\XHB121\LIB\RTL.LIB|space ACBP=A9
 0001:000484C8 000002DE C=CODE    S=_TEXT    G=(none)   M=C:\XHB121\LIB\RTL.LIB|spfiles ACBP=A9
 0001:000487A8 000001C6 C=CODE    S=_TEXT    G=(none)   M=C:\XHB121\LIB\RTL.LIB|str ACBP=A9
 0001:00048970 0000030A C=CODE    S=_TEXT    G=(none)   M=C:\XHB121\LIB\RTL.LIB|strcase ACBP=A9
 0001:00048C7C 00000119 C=CODE    S=_TEXT    G=(none)   M=C:\XHB121\LIB\RTL.LIB|strdel ACBP=A9
 0001:00048D98 00000032 C=CODE    S=_TEXT    G=(none)   M=C:\XHB121\LIB\RTL.LIB|strings ACBP=A9
 0001:00048DCC 0000064D C=CODE    S=_TEXT    G=(none)   M=C:\XHB121\LIB\RTL.LIB|strmatch ACBP=A9
 0001:0004941C 000002BF C=CODE    S=_TEXT    G=(none)   M=C:\XHB121\LIB\RTL.LIB|strtran ACBP=A9
 0001:000496DC 00000132 C=CODE    S=_TEXT    G=(none)   M=C:\XHB121\LIB\RTL.LIB|strzero ACBP=A9
 0001:00049810 0000015E C=CODE    S=_TEXT    G=(none)   M=C:\XHB121\LIB\RTL.LIB|stuff ACBP=A9
 0001:00049970 00000129 C=CODE    S=_TEXT    G=(none)   M=C:\XHB121\LIB\RTL.LIB|substr ACBP=A9
 0001:00049A9C 00001021 C=CODE    S=_TEXT    G=(none)   M=C:\XHB121\LIB\RTL.LIB|tprinter ACBP=A9
 0001:0004AAC0 0000017E C=CODE    S=_TEXT    G=(none)   M=C:\XHB121\LIB\RTL.LIB|trace ACBP=A9
 0001:0004AC40 00001790 C=CODE    S=_TEXT    G=(none)   M=C:\XHB121\LIB\RTL.LIB|transfrm ACBP=A9
 0001:0004C3D0 00000224 C=CODE    S=_TEXT    G=(none)   M=C:\XHB121\LIB\RTL.LIB|trim ACBP=A9
 0001:0004C5F4 00000069 C=CODE    S=_TEXT    G=(none)   M=C:\XHB121\LIB\RTL.LIB|type ACBP=A9
 0001:0004C660 0000008F C=CODE    S=_TEXT    G=(none)   M=C:\XHB121\LIB\RTL.LIB|val ACBP=A9
 0001:0004C6F0 00000343 C=CODE    S=_TEXT    G=(none)   M=C:\XHB121\LIB\RTL.LIB|valtype ACBP=A9
 0001:0004CA34 0000036F C=CODE    S=_TEXT    G=(none)   M=C:\XHB121\LIB\RTL.LIB|version ACBP=A9
 0001:0004CDA4 00000047 C=CODE    S=_TEXT    G=(none)   M=C:\XHB121\LIB\RTL.LIB|word ACBP=A9
 0001:0004CDEC 0000005A C=CODE    S=_TEXT    G=(none)   M=C:\XHB121\LIB\RTL.LIB|xhelp ACBP=A9
 0001:0004CE48 000000F4 C=CODE    S=_TEXT    G=(none)   M=C:\XHB121\LIB\RTL.LIB|xsavescr ACBP=A9
 0001:0004CF3C 000001AD C=CODE    S=_TEXT    G=(none)   M=C:\XHB121\LIB\RTL.LIB|cstr ACBP=A9
 0001:0004D0EC 0000005D C=CODE    S=_TEXT    G=(none)   M=C:\XHB121\LIB\RTL.LIB|memvarbl ACBP=A9
 0001:0004D14C 0000023D C=CODE    S=_TEXT    G=(none)   M=C:\XHB121\LIB\RTL.LIB|objfunc ACBP=A9
 0001:0004D38C 0000026D C=CODE    S=_TEXT    G=(none)   M=C:\XHB121\LIB\RTL.LIB|tclass ACBP=A9
 0001:0004D5FC 00000498 C=CODE    S=_TEXT    G=(none)   M=C:\XHB121\LIB\RTL.LIB|tget ACBP=A9
 0001:0004DA94 000001E1 C=CODE    S=_TEXT    G=(none)   M=C:\XHB121\LIB\RTL.LIB|tobject ACBP=A9
 0001:0004DC78 00000075 C=CODE    S=_TEXT    G=(none)   M=C:\XHB121\LIB\RTL.LIB|traceprg ACBP=A9
 0001:0004DCF0 000002E2 C=CODE    S=_TEXT    G=(none)   M=C:\XHB121\LIB\RTL.LIB|tscalar ACBP=A9
 0001:0004DFD4 000002D0 C=CODE    S=_TEXT    G=(none)   M=C:\XHB121\LIB\RTL.LIB|txml ACBP=A9
 0001:0004E2A4 000028A6 C=CODE    S=_TEXT    G=(none)   M=C:\XHB121\LIB\RTL.LIB|win32ole ACBP=A9
 0001:00050B4C 00001BFB C=CODE    S=_TEXT    G=(none)   M=C:\XHB121\LIB\VM.LIB|arrays ACBP=A9
 0001:00052748 000035A0 C=CODE    S=_TEXT    G=(none)   M=C:\XHB121\LIB\VM.LIB|arrayshb ACBP=A9
 0001:00055CE8 00000499 C=CODE    S=_TEXT    G=(none)   M=C:\XHB121\LIB\VM.LIB|asort ACBP=A9
 0001:00056184 00000018 C=CODE    S=_TEXT    G=(none)   M=C:\XHB121\LIB\VM.LIB|break ACBP=A9
 0001:0005619C 00005460 C=CODE    S=_TEXT    G=(none)   M=C:\XHB121\LIB\VM.LIB|classes ACBP=A9
 0001:0005B5FC 0000012D C=CODE    S=_TEXT    G=(none)   M=C:\XHB121\LIB\VM.LIB|classesc ACBP=A9
 0001:0005B72C 0000060B C=CODE    S=_TEXT    G=(none)   M=C:\XHB121\LIB\VM.LIB|cmdarg ACBP=A9
 0001:0005BD38 000002D9 C=CODE    S=_TEXT    G=(none)   M=C:\XHB121\LIB\VM.LIB|codebloc ACBP=A9
 0001:0005C014 00000433 C=CODE    S=_TEXT    G=(none)   M=C:\XHB121\LIB\VM.LIB|debug ACBP=A9
 0001:0005C448 00000754 C=CODE    S=_TEXT    G=(none)   M=C:\XHB121\LIB\VM.LIB|dynsym ACBP=A9
 0001:0005CB9C 0000212F C=CODE    S=_TEXT    G=(none)   M=C:\XHB121\LIB\VM.LIB|errorapi ACBP=A9
 0001:0005ECCC 00000B39 C=CODE    S=_TEXT    G=(none)   M=C:\XHB121\LIB\VM.LIB|estack ACBP=A9
 0001:0005F808 00000A87 C=CODE    S=_TEXT    G=(none)   M=C:\XHB121\LIB\VM.LIB|eval ACBP=A9
 0001:00060290 00001AB0 C=CODE    S=_TEXT    G=(none)   M=C:\XHB121\LIB\VM.LIB|extend ACBP=A9
 0001:00061D40 000003F3 C=CODE    S=_TEXT    G=(none)   M=C:\XHB121\LIB\VM.LIB|fm ACBP=A9
 0001:00062134 00000EE9 C=CODE    S=_TEXT    G=(none)   M=C:\XHB121\LIB\VM.LIB|garbage ACBP=A9
 0001:00063020 0000353D C=CODE    S=_TEXT    G=(none)   M=C:\XHB121\LIB\VM.LIB|hash ACBP=A9
 0001:00066560 000010D6 C=CODE    S=_TEXT    G=(none)   M=C:\XHB121\LIB\VM.LIB|hbi18n ACBP=A9
 0001:00067638 00012D46 C=CODE    S=_TEXT    G=(none)   M=C:\XHB121\LIB\VM.LIB|hvm ACBP=A9
 0001:0007A380 00000033 C=CODE    S=_TEXT    G=(none)   M=C:\XHB121\LIB\VM.LIB|initexit ACBP=A9
 0001:0007A3B4 0000001D C=CODE    S=_TEXT    G=(none)   M=C:\XHB121\LIB\VM.LIB|initsymb ACBP=A9
 0001:0007A3D4 00001EE0 C=CODE    S=_TEXT    G=(none)   M=C:\XHB121\LIB\VM.LIB|itemapi ACBP=A9
 0001:0007C2B4 0000096E C=CODE    S=_TEXT    G=(none)   M=C:\XHB121\LIB\VM.LIB|fastitem ACBP=A9
 0001:0007CC24 00001C40 C=CODE    S=_TEXT    G=(none)   M=C:\XHB121\LIB\VM.LIB|macro ACBP=A9
 0001:0007E864 00001DCA C=CODE    S=_TEXT    G=(none)   M=C:\XHB121\LIB\VM.LIB|memvars ACBP=A9
 0001:00080630 0000002F C=CODE    S=_TEXT    G=(none)   M=C:\XHB121\LIB\VM.LIB|pcount ACBP=A9
 0001:00080660 00000345 C=CODE    S=_TEXT    G=(none)   M=C:\XHB121\LIB\VM.LIB|proc ACBP=A9
 0001:000809A8 000000EE C=CODE    S=_TEXT    G=(none)   M=C:\XHB121\LIB\VM.LIB|thread ACBP=A9
 0001:00080A98 00000079 C=CODE    S=_TEXT    G=(none)   M=C:\XHB121\LIB\VM.LIB|throw ACBP=A9
 0001:00080B14 00000129 C=CODE    S=_TEXT    G=(none)   M=C:\XHB121\LIB\VM.LIB|harbinit ACBP=A9
 0001:00080C40 00000117 C=CODE    S=_TEXT    G=(none)   M=C:\XHB121\LIB\VM.LIB|mainwin ACBP=A9
 0001:00080D58 00000015 C=CODE    S=_TEXT    G=(none)   M=C:\XHB121\LIB\LANG.LIB|msgen ACBP=A9
 0001:00080D70 00002770 C=CODE    S=_TEXT    G=(none)   M=C:\XHB121\LIB\MACRO.LIB|macroy ACBP=A9
 0001:000834E0 0000031E C=CODE    S=_TEXT    G=(none)   M=C:\XHB121\LIB\MACRO.LIB|macroa ACBP=A9
 0001:00083800 000059CB C=CODE    S=_TEXT    G=(none)   M=C:\XHB121\LIB\MACRO.LIB|macrob ACBP=A9
 0001:000891CC 000007FF C=CODE    S=_TEXT    G=(none)   M=C:\XHB121\LIB\MACRO.LIB|macroc ACBP=A9
 0001:000899CC 00002133 C=CODE    S=_TEXT    G=(none)   M=C:\XHB121\LIB\MACRO.LIB|macroslx ACBP=A9
 0001:0008BB00 00003596 C=CODE    S=_TEXT    G=(none)   M=C:\XHB121\LIB\RDD.LIB|dbcmd ACBP=A9
 0001:0008F098 00002437 C=CODE    S=_TEXT    G=(none)   M=C:\XHB121\LIB\RDD.LIB|workarea ACBP=A9
 0001:000914D0 000007D1 C=CODE    S=_TEXT    G=(none)   M=C:\XHB121\LIB\RDD.LIB|wacore ACBP=A9
 0001:00091CA4 0000146B C=CODE    S=_TEXT    G=(none)   M=C:\XHB121\LIB\RDD.LIB|wafunc ACBP=A9
 0001:00093110 00008185 C=CODE    S=_TEXT    G=(none)   M=C:\XHB121\LIB\RDD.LIB|dbf1 ACBP=A9
 0001:0009B298 00000673 C=CODE    S=_TEXT    G=(none)   M=C:\XHB121\LIB\RDD.LIB|hbdbsort ACBP=A9
 0001:0009B90C 00000105 C=CODE    S=_TEXT    G=(none)   M=C:\XHB121\LIB\RDD.LIB|rddord ACBP=A9
 0001:0009BA14 0000005D C=CODE    S=_TEXT    G=(none)   M=C:\XHB121\LIB\RDD.LIB|rddsys ACBP=A9
 0001:0009BA74 0000A925 C=CODE    S=_TEXT    G=(none)   M=C:\XHB121\LIB\DBFNTX.LIB|dbfntx1 ACBP=A9
 0001:000A639C 000073EB C=CODE    S=_TEXT    G=(none)   M=C:\XHB121\LIB\DBFFPT.LIB|dbffpt1 ACBP=A9
 0001:000AD788 00000375 C=CODE    S=_TEXT    G=(none)   M=C:\XHB121\LIB\HBSIX.LIB|sxcrypt ACBP=A9
 0001:000ADB00 000000ED C=CODE    S=_TEXT    G=(none)   M=C:\XHB121\LIB\HBSIX.LIB|sxdate ACBP=A9
 0001:000ADBF0 0000003D C=CODE    S=_TEXT    G=(none)   M=C:\XHB121\LIB\COMMON.LIB|hbfopen ACBP=A9
 0001:000ADC30 000003DF C=CODE    S=_TEXT    G=(none)   M=C:\XHB121\LIB\COMMON.LIB|hbfsapi ACBP=A9
 0001:000AE010 00000033 C=CODE    S=_TEXT    G=(none)   M=C:\XHB121\LIB\COMMON.LIB|hbgete ACBP=A9
 0001:000AE044 00001044 C=CODE    S=_TEXT    G=(none)   M=C:\XHB121\LIB\COMMON.LIB|hbstr ACBP=A9
 0001:000AF088 00001A6F C=CODE    S=_TEXT    G=(none)   M=C:\XHB121\LIB\COMMON.LIB|hbprintf ACBP=A9
 0001:000B0AF8 0000021E C=CODE    S=_TEXT    G=(none)   M=C:\XHB121\LIB\COMMON.LIB|hbtrace ACBP=A9
 0001:000B0D18 00000DFD C=CODE    S=_TEXT    G=(none)   M=C:\XHB121\LIB\COMMON.LIB|hbver ACBP=A9
 0001:000B1B18 00000A48 C=CODE    S=_TEXT    G=(none)   M=C:\XHB121\LIB\COMMON.LIB|expropt1 ACBP=A9
 0001:000B2560 000012DD C=CODE    S=_TEXT    G=(none)   M=C:\XHB121\LIB\COMMON.LIB|expropt2 ACBP=A9
 0001:000B3840 0000005A C=CODE    S=_TEXT    G=(none)   M=C:\XHB121\LIB\COMMON.LIB|reserved ACBP=A9
 0001:000B389C 000016C1 C=CODE    S=_TEXT    G=(none)   M=C:\XHB121\LIB\COMMON.LIB|hbdate ACBP=A9
 0001:000B4F60 0000015E C=CODE    S=_TEXT    G=(none)   M=C:\XHB121\LIB\COMMON.LIB|hbwince ACBP=A9
 0001:000B50C0 0000028E C=CODE    S=_TEXT    G=(none)   M=C:\XHB121\LIB\CT.LIB|dattime3 ACBP=A9
 0001:000B5350 0000008D C=CODE    S=_TEXT    G=(none)   M=C:\XHB121\LIB\CT.LIB|cttime ACBP=A9
 0001:000B53E0 000057EC C=CODE    S=_TEXT    G=(none)   M=C:\XHB121\LIB\PCREPOS.LIB|pcre_compile ACBP=A9
 0001:000BABCC 00004744 C=CODE    S=_TEXT    G=(none)   M=C:\XHB121\LIB\PCREPOS.LIB|pcre_exec ACBP=A9
 0001:000BF310 0000007B C=CODE    S=_TEXT    G=(none)   M=C:\XHB121\LIB\PCREPOS.LIB|pcre_info ACBP=A9
 0001:000BF38C 000001A5 C=CODE    S=_TEXT    G=(none)   M=C:\XHB121\LIB\PCREPOS.LIB|pcre_newline ACBP=A9
 0001:000BF534 0000019C C=CODE    S=_TEXT    G=(none)   M=C:\XHB121\LIB\PCREPOS.LIB|pcre_try_flipped ACBP=A9
 0001:000BF6D0 000003C9 C=CODE    S=_TEXT    G=(none)   M=C:\XHB121\LIB\PCREPOS.LIB|pcreposix ACBP=A9
 0001:000BFA9C 00000028 C=CODE    S=_TEXT    G=(none)   M=C:\BCC582\LIB\CW32.LIB|delaop ACBP=A9
 0001:000BFAC4 0000002E C=CODE    S=_TEXT    G=(none)   M=C:\BCC582\LIB\CW32.LIB|delop ACBP=A9
 0001:000BFAF4 000000E3 C=CODE    S=_TEXT    G=(none)   M=C:\BCC582\LIB\CW32.LIB|exceptio ACBP=A9
 0001:000BFBD7 00000079 C=CODE    S=_TEXT    G=(none)   M=C:\BCC582\LIB\CW32.LIB|gccex ACBP=A9
 0001:000BFC50 000019E8 C=CODE    S=_TEXT    G=(none)   M=C:\BCC582\LIB\CW32.LIB|ios ACBP=A9
 0001:000C1638 00003492 C=CODE    S=_TEXT    G=(none)   M=C:\BCC582\LIB\CW32.LIB|iostream ACBP=A9
 0001:000C4AA4 00000323 C=CODE    S=_TEXT    G=(none)   M=C:\BCC582\LIB\CW32.LIB|dwlocale ACBP=A9
 0001:000C4DA0 00001A78 C=CODE    S=_TEXT    G=(none)   M=C:\BCC582\LIB\CW32.LIB|locale0 ACBP=A9
 0001:000C6818 0000001B C=CODE    S=_TEXT    G=(none)   M=C:\BCC582\LIB\CW32.LIB|new ACBP=A9
 0001:000C6818 00000074 C=CODE    S=_TEXT    G=(none)   M=C:\BCC582\LIB\CW32.LIB|newaop ACBP=A9
 0001:000C6840 0000011E C=CODE    S=_TEXT    G=(none)   M=C:\BCC582\LIB\CW32.LIB|newop ACBP=A9
 0001:000C693B 000005AA C=CODE    S=_TEXT    G=(none)   M=C:\BCC582\LIB\CW32.LIB|string ACBP=A9
 0001:000C6EC0 00002FD6 C=CODE    S=_TEXT    G=(none)   M=C:\BCC582\LIB\CW32.LIB|wiostrea ACBP=A9
 0001:000C9E70 0000019D C=CODE    S=_TEXT    G=(none)   M=C:\BCC582\LIB\CW32.LIB|wlocale ACBP=A9
 0001:000C9FE5 000000D4 C=CODE    S=_TEXT    G=(none)   M=C:\BCC582\LIB\CW32.LIB|xlocinfo ACBP=A9
 0001:000CA0BC 00000110 C=CODE    S=_TEXT    G=(none)   M=C:\BCC582\LIB\CW32.LIB|xstart ACBP=A9
 0001:000CA1CC 00000057 C=CODE    S=_TEXT    G=(none)   M=C:\BCC582\LIB\CW32.LIB|wchar ACBP=A9
 0001:000CA224 0000002B C=CODE    S=_TEXT    G=(none)   M=C:\BCC582\LIB\CW32.LIB|calloc ACBP=A9
 0001:000CA250 00000111 C=CODE    S=_TEXT    G=(none)   M=C:\BCC582\LIB\CW32.LIB|virtmem ACBP=A9
 0001:000CA364 0000014B C=CODE    S=_TEXT    G=(none)   M=C:\BCC582\LIB\CW32.LIB|hrdir_b ACBP=A9
 0001:000CA4B0 00000020 C=CODE    S=_TEXT    G=(none)   M=C:\BCC582\LIB\CW32.LIB|hrdir_mf ACBP=A9
 0001:000CA4D0 00000016 C=CODE    S=_TEXT    G=(none)   M=C:\BCC582\LIB\CW32.LIB|hrdir_r ACBP=A9
 0001:000CA4E8 000000B8 C=CODE    S=_TEXT    G=(none)   M=C:\BCC582\LIB\CW32.LIB|hrdir_s ACBP=A9
 0001:000CA5A0 00000001 C=CODE    S=_TEXT    G=(none)   M=C:\BCC582\LIB\CW32.LIB|hrdir_us ACBP=A9
 0001:000CA5A4 000009E4 C=CODE    S=_TEXT    G=(none)   M=C:\BCC582\LIB\CW32.LIB|heap ACBP=A9
 0001:000CAF88 00000292 C=CODE    S=_TEXT    G=(none)   M=C:\BCC582\LIB\CW32.LIB|realloc ACBP=A9
 0001:000CB21C 00000001 C=CODE    S=_TEXT    G=(none)   M=C:\BCC582\LIB\CW32.LIB|crtlst_i ACBP=A9
 0001:000CB220 00000001 C=CODE    S=_TEXT    G=(none)   M=C:\BCC582\LIB\CW32.LIB|crtlst_l ACBP=A9
 0001:000CB224 0000001E C=CODE    S=_TEXT    G=(none)   M=C:\BCC582\LIB\CW32.LIB|memchr ACBP=A9
 0001:000CB244 00000024 C=CODE    S=_TEXT    G=(none)   M=C:\BCC582\LIB\CW32.LIB|memcpy ACBP=A9
 0001:000CB268 00000024 C=CODE    S=_TEXT    G=(none)   M=C:\BCC582\LIB\CW32.LIB|wmemcpy ACBP=A9
 0001:000CB28C 0000004A C=CODE    S=_TEXT    G=(none)   M=C:\BCC582\LIB\CW32.LIB|memmove ACBP=A9
 0001:000CB2D8 0000008F C=CODE    S=_TEXT    G=(none)   M=C:\BCC582\LIB\CW32.LIB|memset ACBP=A9
 0001:000CB368 00000018 C=CODE    S=_TEXT    G=(none)   M=C:\BCC582\LIB\CW32.LIB|wmemset ACBP=A9
 0001:000CB380 0000003C C=CODE    S=_TEXT    G=(none)   M=C:\BCC582\LIB\CW32.LIB|strcat ACBP=A9
 0001:000CB3BC 00000053 C=CODE    S=_TEXT    G=(none)   M=C:\BCC582\LIB\CW32.LIB|strchr ACBP=A9
 0001:000CB410 0000004D C=CODE    S=_TEXT    G=(none)   M=C:\BCC582\LIB\CW32.LIB|strcmp ACBP=A9
 0001:000CB460 00000035 C=CODE    S=_TEXT    G=(none)   M=C:\BCC582\LIB\CW32.LIB|strcpy ACBP=A9
 0001:000CB498 0000005A C=CODE    S=_TEXT    G=(none)   M=C:\BCC582\LIB\CW32.LIB|strlen ACBP=A9
 0001:000CB4F4 0000006E C=CODE    S=_TEXT    G=(none)   M=C:\BCC582\LIB\CW32.LIB|strncat ACBP=A9
 0001:000CB564 00000027 C=CODE    S=_TEXT    G=(none)   M=C:\BCC582\LIB\CW32.LIB|strncmp ACBP=A9
 0001:000CB58C 0000006C C=CODE    S=_TEXT    G=(none)   M=C:\BCC582\LIB\CW32.LIB|memcmp ACBP=A9
 0001:000CB5F8 00000032 C=CODE    S=_TEXT    G=(none)   M=C:\BCC582\LIB\CW32.LIB|strdup ACBP=A9
 0001:000CB62C 0000009F C=CODE    S=_TEXT    G=(none)   M=C:\BCC582\LIB\CW32.LIB|strerror ACBP=A9
 0001:000CB6CC 0000004F C=CODE    S=_TEXT    G=(none)   M=C:\BCC582\LIB\CW32.LIB|strncpy ACBP=A9
 0001:000CB71C 0000002B C=CODE    S=_TEXT    G=(none)   M=C:\BCC582\LIB\CW32.LIB|strpbrk ACBP=A9
 0001:000CB748 00000029 C=CODE    S=_TEXT    G=(none)   M=C:\BCC582\LIB\CW32.LIB|strrchr ACBP=A9
 0001:000CB774 00000054 C=CODE    S=_TEXT    G=(none)   M=C:\BCC582\LIB\CW32.LIB|strstr ACBP=A9
 0001:000CB7C8 00000037 C=CODE    S=_TEXT    G=(none)   M=C:\BCC582\LIB\CW32.LIB|_stpcpy ACBP=A9
 0001:000CB800 00000018 C=CODE    S=_TEXT    G=(none)   M=C:\BCC582\LIB\CW32.LIB|wcslen ACBP=A9
 0001:000CB818 0000003F C=CODE    S=_TEXT    G=(none)   M=C:\BCC582\LIB\CW32.LIB|wcscpy ACBP=A9
 0001:000CB858 00000070 C=CODE    S=_TEXT    G=(none)   M=C:\BCC582\LIB\CW32.LIB|xxa ACBP=A9
 0001:000CB8C8 00000844 C=CODE    S=_TEXT    G=(none)   M=C:\BCC582\LIB\CW32.LIB|xxtype ACBP=A9
 0001:000CC0E6 0000005B C=CODE    S=_TEXT    G=(none)   M=C:\BCC582\LIB\CW32.LIB|xxut ACBP=A9
 0001:000CC110 0000014F C=CODE    S=_TEXT    G=(none)   M=C:\BCC582\LIB\CW32.LIB|xxv ACBP=A9
 0001:000CC260 0000000A C=CODE    S=_TEXT    G=(none)   M=C:\BCC582\LIB\CW32.LIB|defhandl ACBP=A9
 0001:000CC26C 00000199 C=CODE    S=_TEXT    G=(none)   M=C:\BCC582\LIB\CW32.LIB|except ACBP=A9
 0001:000CC408 00000046 C=CODE    S=_TEXT    G=(none)   M=C:\BCC582\LIB\CW32.LIB|setexc ACBP=A9
 0001:000CC450 00000022 C=CODE    S=_TEXT    G=(none)   M=C:\BCC582\LIB\CW32.LIB|ta ACBP=A9
 0001:000CC474 0000003F C=CODE    S=_TEXT    G=(none)   M=C:\BCC582\LIB\CW32.LIB|__access ACBP=A9
 0001:000CC4B4 00000063 C=CODE    S=_TEXT    G=(none)   M=C:\BCC582\LIB\CW32.LIB|__close ACBP=A9
 0001:000CC518 00000013 C=CODE    S=_TEXT    G=(none)   M=C:\BCC582\LIB\CW32.LIB|__dup ACBP=A9
 0001:000CC52C 000000EF C=CODE    S=_TEXT    G=(none)   M=C:\BCC582\LIB\CW32.LIB|__dup2 ACBP=A9
 0001:000CC61C 00000086 C=CODE    S=_TEXT    G=(none)   M=C:\BCC582\LIB\CW32.LIB|__eof ACBP=A9
 0001:000CC6A4 00000047 C=CODE    S=_TEXT    G=(none)   M=C:\BCC582\LIB\CW32.LIB|__isatty ACBP=A9
 0001:000CC6EC 00000076 C=CODE    S=_TEXT    G=(none)   M=C:\BCC582\LIB\CW32.LIB|__lseek ACBP=A9
 0001:000CC764 000001FA C=CODE    S=_TEXT    G=(none)   M=C:\BCC582\LIB\CW32.LIB|__open ACBP=A9
 0001:000CC960 0000019A C=CODE    S=_TEXT    G=(none)   M=C:\BCC582\LIB\CW32.LIB|__read ACBP=A9
 0001:000CCAFC 000001DA C=CODE    S=_TEXT    G=(none)   M=C:\BCC582\LIB\CW32.LIB|__wread ACBP=A9
 0001:000CCCD8 0000011C C=CODE    S=_TEXT    G=(none)   M=C:\BCC582\LIB\CW32.LIB|__write ACBP=A9
 0001:000CCDF4 00000011 C=CODE    S=_TEXT    G=(none)   M=C:\BCC582\LIB\CW32.LIB|_cfinfo ACBP=A9
 0001:000CCE08 00000075 C=CODE    S=_TEXT    G=(none)   M=C:\BCC582\LIB\CW32.LIB|_read ACBP=A9
 0001:000CCE80 00000008 C=CODE    S=_TEXT    G=(none)   M=C:\BCC582\LIB\CW32.LIB|_stat ACBP=A9
 0001:000CCE88 00000017 C=CODE    S=_TEXT    G=(none)   M=C:\BCC582\LIB\CW32.LIB|_umask ACBP=A9
 0001:000CCE88 00000061 C=CODE    S=_TEXT    G=(none)   M=C:\BCC582\LIB\CW32.LIB|_write ACBP=A9
 0001:000CCEEC 0000007D C=CODE    S=_TEXT    G=(none)   M=C:\BCC582\LIB\CW32.LIB|allocbuf ACBP=A9
 0001:000CCF6C 0000009C C=CODE    S=_TEXT    G=(none)   M=C:\BCC582\LIB\CW32.LIB|chdrive ACBP=A9
 0001:000CD008 00000008 C=CODE    S=_TEXT    G=(none)   M=C:\BCC582\LIB\CW32.LIB|close ACBP=A9
 0001:000CD010 00000008 C=CODE    S=_TEXT    G=(none)   M=C:\BCC582\LIB\CW32.LIB|dup ACBP=A9
 0001:000CD018 0000008E C=CODE    S=_TEXT    G=(none)   M=C:\BCC582\LIB\CW32.LIB|fclose ACBP=A9
 0001:000CD0A8 0000007F C=CODE    S=_TEXT    G=(none)   M=C:\BCC582\LIB\CW32.LIB|fflush ACBP=A9
 0001:000CD128 0000001E C=CODE    S=_TEXT    G=(none)   M=C:\BCC582\LIB\CW32.LIB|fgetpos ACBP=A9
 0001:000CD148 0000005A C=CODE    S=_TEXT    G=(none)   M=C:\BCC582\LIB\CW32.LIB|flushout ACBP=A9
 0001:000CD1A4 00000023 C=CODE    S=_TEXT    G=(none)   M=C:\BCC582\LIB\CW32.LIB|fmodeptr ACBP=A9
 0001:000CD1C8 000001DD C=CODE    S=_TEXT    G=(none)   M=C:\BCC582\LIB\CW32.LIB|fopen ACBP=A9
 0001:000CD3A8 00000022 C=CODE    S=_TEXT    G=(none)   M=C:\BCC582\LIB\CW32.LIB|fprintf ACBP=A9
 0001:000CD3CC 000000DB C=CODE    S=_TEXT    G=(none)   M=C:\BCC582\LIB\CW32.LIB|fputn ACBP=A9
 0001:000CD4A8 00000140 C=CODE    S=_TEXT    G=(none)   M=C:\BCC582\LIB\CW32.LIB|fseek ACBP=A9
 0001:000CD5E8 00000019 C=CODE    S=_TEXT    G=(none)   M=C:\BCC582\LIB\CW32.LIB|fsetpos ACBP=A9
 0001:000CD604 000000DB C=CODE    S=_TEXT    G=(none)   M=C:\BCC582\LIB\CW32.LIB|fullpath ACBP=A9
 0001:000CD6E0 00000031 C=CODE    S=_TEXT    G=(none)   M=C:\BCC582\LIB\CW32.LIB|fwrite ACBP=A9
 0001:000CD714 000002B9 C=CODE    S=_TEXT    G=(none)   M=C:\BCC582\LIB\CW32.LIB|handles ACBP=A9
 0001:000CD9D0 00000076 C=CODE    S=_TEXT    G=(none)   M=C:\BCC582\LIB\CW32.LIB|ioerror ACBP=A9
 0001:000CDA48 000001A5 C=CODE    S=_TEXT    G=(none)   M=C:\BCC582\LIB\CW32.LIB|lgetc ACBP=A9
 0001:000CDBF0 000001A9 C=CODE    S=_TEXT    G=(none)   M=C:\BCC582\LIB\CW32.LIB|lgetwc ACBP=A9
 0001:000CDD9C 00000112 C=CODE    S=_TEXT    G=(none)   M=C:\BCC582\LIB\CW32.LIB|lputc ACBP=A9
 0001:000CDEB0 00000144 C=CODE    S=_TEXT    G=(none)   M=C:\BCC582\LIB\CW32.LIB|lputwc ACBP=A9
 0001:000CDFF4 00000091 C=CODE    S=_TEXT    G=(none)   M=C:\BCC582\LIB\CW32.LIB|mkname ACBP=A9
 0001:000CE085 00000079 C=CODE    S=_TEXT    G=(none)   M=C:\BCC582\LIB\CW32.LIB|perror ACBP=A9
 0001:000CE088 00000023 C=CODE    S=_TEXT    G=(none)   M=C:\BCC582\LIB\CW32.LIB|printf ACBP=A9
 0001:000CE0AC 0000006E C=CODE    S=_TEXT    G=(none)   M=C:\BCC582\LIB\CW32.LIB|setmode ACBP=A9
 0001:000CE11C 0000004D C=CODE    S=_TEXT    G=(none)   M=C:\BCC582\LIB\CW32.LIB|setvbuf ACBP=A9
 0001:000CE16C 00000078 C=CODE    S=_TEXT    G=(none)   M=C:\BCC582\LIB\CW32.LIB|sprintf ACBP=A9
 0001:000CE1E4 00000207 C=CODE    S=_TEXT    G=(none)   M=C:\BCC582\LIB\CW32.LIB|stat ACBP=A9
 0001:000CE3EC 00000101 C=CODE    S=_TEXT    G=(none)   M=C:\BCC582\LIB\CW32.LIB|streams ACBP=A9
 0001:000CE4F0 00000050 C=CODE    S=_TEXT    G=(none)   M=C:\BCC582\LIB\CW32.LIB|ungetc ACBP=A9
 0001:000CE540 0000005C C=CODE    S=_TEXT    G=(none)   M=C:\BCC582\LIB\CW32.LIB|ungetwc ACBP=A9
 0001:000CE59C 0000001A C=CODE    S=_TEXT    G=(none)   M=C:\BCC582\LIB\CW32.LIB|unlink ACBP=A9
 0001:000CE5B8 00000022 C=CODE    S=_TEXT    G=(none)   M=C:\BCC582\LIB\CW32.LIB|vfprintf ACBP=A9
 0001:000CE5DC 00000A2A C=CODE    S=_TEXT    G=(none)   M=C:\BCC582\LIB\CW32.LIB|vprinter ACBP=A9
 0001:000CF008 0000002E C=CODE    S=_TEXT    G=(none)   M=C:\BCC582\LIB\CW32.LIB|xfclose ACBP=A9
 0001:000CF038 00000027 C=CODE    S=_TEXT    G=(none)   M=C:\BCC582\LIB\CW32.LIB|xfflush ACBP=A9
 0001:000CF05F 00000006 C=CODE    S=_TEXT    G=(none)   M=C:\BCC582\LIB\CW32.LIB|cconv ACBP=A9
 0001:000CF060 000002CC C=CODE    S=_TEXT    G=(none)   M=C:\BCC582\LIB\CW32.LIB|convt ACBP=A9
 0001:000CF32C 00000051 C=CODE    S=_TEXT    G=(none)   M=C:\BCC582\LIB\CW32.LIB|getinfo ACBP=A9
 0001:000CF380 00000102 C=CODE    S=_TEXT    G=(none)   M=C:\BCC582\LIB\CW32.LIB|is ACBP=A9
 0001:000CF484 00000103 C=CODE    S=_TEXT    G=(none)   M=C:\BCC582\LIB\CW32.LIB|wis ACBP=A9
 0001:000CF588 00000043 C=CODE    S=_TEXT    G=(none)   M=C:\BCC582\LIB\CW32.LIB|isctype ACBP=A9
 0001:000CF5CC 00000055 C=CODE    S=_TEXT    G=(none)   M=C:\BCC582\LIB\CW32.LIB|iswctype ACBP=A9
 0001:000CF624 00001187 C=CODE    S=_TEXT    G=(none)   M=C:\BCC582\LIB\CW32.LIB|locale ACBP=A9
 0001:000D07AC 00000816 C=CODE    S=_TEXT    G=(none)   M=C:\BCC582\LIB\CW32.LIB|initcat ACBP=A9
 0001:000D0FC4 00000097 C=CODE    S=_TEXT    G=(none)   M=C:\BCC582\LIB\CW32.LIB|lconv ACBP=A9
 0001:000D105C 00000024 C=CODE    S=_TEXT    G=(none)   M=C:\BCC582\LIB\CW32.LIB|lstrlwr ACBP=A9
 0001:000D1080 00000054 C=CODE    S=_TEXT    G=(none)   M=C:\BCC582\LIB\CW32.LIB|ltolower ACBP=A9
 0001:000D10D4 00000054 C=CODE    S=_TEXT    G=(none)   M=C:\BCC582\LIB\CW32.LIB|ltoupper ACBP=A9
 0001:000D1128 000004E6 C=CODE    S=_TEXT    G=(none)   M=C:\BCC582\LIB\CW32.LIB|mbyte1 ACBP=A9
 0001:000D1610 00000016 C=CODE    S=_TEXT    G=(none)   M=C:\BCC582\LIB\CW32.LIB|lsetlocl ACBP=A9
 0001:000D1628 00000200 C=CODE    S=_TEXT    G=(none)   M=C:\BCC582\LIB\CW32.LIB|_ll ACBP=A9
 0001:000D1828 0000001D C=CODE    S=_TEXT    G=(none)   M=C:\BCC582\LIB\CW32.LIB|_finite ACBP=A9
 0001:000D1848 0000002D C=CODE    S=_TEXT    G=(none)   M=C:\BCC582\LIB\CW32.LIB|_finitel ACBP=A9
 0001:000D1878 0000002B C=CODE    S=_TEXT    G=(none)   M=C:\BCC582\LIB\CW32.LIB|_ftoul ACBP=A9
 0001:000D18A4 00000045 C=CODE    S=_TEXT    G=(none)   M=C:\BCC582\LIB\CW32.LIB|_isnan ACBP=A9
 0001:000D18EC 00000049 C=CODE    S=_TEXT    G=(none)   M=C:\BCC582\LIB\CW32.LIB|_isnanl ACBP=A9
 0001:000D1938 00000008 C=CODE    S=_TEXT    G=(none)   M=C:\BCC582\LIB\CW32.LIB|_ltoa1 ACBP=A9
 0001:000D1940 000000B0 C=CODE    S=_TEXT    G=(none)   M=C:\BCC582\LIB\CW32.LIB|_matherr ACBP=A9
 0001:000D19F0 00000188 C=CODE    S=_TEXT    G=(none)   M=C:\BCC582\LIB\CW32.LIB|_pow10 ACBP=A9
 0001:000D1B78 00000077 C=CODE    S=_TEXT    G=(none)   M=C:\BCC582\LIB\CW32.LIB|atol ACBP=A9
 0001:000D1BF0 0000001C C=CODE    S=_TEXT    G=(none)   M=C:\BCC582\LIB\CW32.LIB|ceil ACBP=A9
 0001:000D1C0C 00000013 C=CODE    S=_TEXT    G=(none)   M=C:\BCC582\LIB\CW32.LIB|clear87 ACBP=A9
 0001:000D1C20 0000003F C=CODE    S=_TEXT    G=(none)   M=C:\BCC582\LIB\CW32.LIB|cos ACBP=A9
 0001:000D1C60 0000002F C=CODE    S=_TEXT    G=(none)   M=C:\BCC582\LIB\CW32.LIB|ctrl87 ACBP=A9
 0001:000D1C90 00000018 C=CODE    S=_TEXT    G=(none)   M=C:\BCC582\LIB\CW32.LIB|cvtentry ACBP=A9
 0001:000D1CA8 00000018 C=CODE    S=_TEXT    G=(none)   M=C:\BCC582\LIB\CW32.LIB|cvtfak ACBP=A9
 0001:000D1CC0 00000018 C=CODE    S=_TEXT    G=(none)   M=C:\BCC582\LIB\CW32.LIB|cvtfakw ACBP=A9
 0001:000D1CD8 00000016 C=CODE    S=_TEXT    G=(none)   M=C:\BCC582\LIB\CW32.LIB|div ACBP=A9
 0001:000D1CF0 0000006C C=CODE    S=_TEXT    G=(none)   M=C:\BCC582\LIB\CW32.LIB|exp ACBP=A9
 0001:000D1D5C 000000CD C=CODE    S=_TEXT    G=(none)   M=C:\BCC582\LIB\CW32.LIB|f87exp ACBP=A9
 0001:000D1E2C 00000048 C=CODE    S=_TEXT    G=(none)   M=C:\BCC582\LIB\CW32.LIB|f87log ACBP=A9
 0001:000D1E74 0000000D C=CODE    S=_TEXT    G=(none)   M=C:\BCC582\LIB\CW32.LIB|fabs ACBP=A9
 0001:000D1E84 0000004D C=CODE    S=_TEXT    G=(none)   M=C:\BCC582\LIB\CW32.LIB|fmod ACBP=A9
 0001:000D1ED4 00000016 C=CODE    S=_TEXT    G=(none)   M=C:\BCC582\LIB\CW32.LIB|fpreset ACBP=A9
 0001:000D1EEC 0000002D C=CODE    S=_TEXT    G=(none)   M=C:\BCC582\LIB\CW32.LIB|ftol ACBP=A9
 0001:000D1F1C 0000002D C=CODE    S=_TEXT    G=(none)   M=C:\BCC582\LIB\CW32.LIB|fuildq ACBP=A9
 0001:000D1F4C 00000021 C=CODE    S=_TEXT    G=(none)   M=C:\BCC582\LIB\CW32.LIB|fuistq ACBP=A9
 0001:000D1F70 00000011 C=CODE    S=_TEXT    G=(none)   M=C:\BCC582\LIB\CW32.LIB|fxam ACBP=A9
 0001:000D1F84 000000B1 C=CODE    S=_TEXT    G=(none)   M=C:\BCC582\LIB\CW32.LIB|int64toa ACBP=A9
 0001:000D2038 00000117 C=CODE    S=_TEXT    G=(none)   M=C:\BCC582\LIB\CW32.LIB|ldtrunc ACBP=A9
 0001:000D2150 0000006D C=CODE    S=_TEXT    G=(none)   M=C:\BCC582\LIB\CW32.LIB|log ACBP=A9
 0001:000D21C0 0000008F C=CODE    S=_TEXT    G=(none)   M=C:\BCC582\LIB\CW32.LIB|longtoa ACBP=A9
 0001:000D2250 00000075 C=CODE    S=_TEXT    G=(none)   M=C:\BCC582\LIB\CW32.LIB|ltoa1 ACBP=A9
 0001:000D22C8 0000002E C=CODE    S=_TEXT    G=(none)   M=C:\BCC582\LIB\CW32.LIB|matherrl ACBP=A9
 0001:000D22F8 00000019 C=CODE    S=_TEXT    G=(none)   M=C:\BCC582\LIB\CW32.LIB|mathptr ACBP=A9
 0001:000D2314 00000030 C=CODE    S=_TEXT    G=(none)   M=C:\BCC582\LIB\CW32.LIB|modf ACBP=A9
 0001:000D2344 00000030 C=CODE    S=_TEXT    G=(none)   M=C:\BCC582\LIB\CW32.LIB|modfl ACBP=A9
 0001:000D2374 000001DC C=CODE    S=_TEXT    G=(none)   M=C:\BCC582\LIB\CW32.LIB|pow ACBP=A9
 0001:000D2550 00000025 C=CODE    S=_TEXT    G=(none)   M=C:\BCC582\LIB\CW32.LIB|qdiv10 ACBP=A9
 0001:000D2578 0000002E C=CODE    S=_TEXT    G=(none)   M=C:\BCC582\LIB\CW32.LIB|qmul10 ACBP=A9
 0001:000D25A8 0000008E C=CODE    S=_TEXT    G=(none)   M=C:\BCC582\LIB\CW32.LIB|rand ACBP=A9
 0001:000D2638 000002F9 C=CODE    S=_TEXT    G=(none)   M=C:\BCC582\LIB\CW32.LIB|realcvt ACBP=A9
 0001:000D2934 00000335 C=CODE    S=_TEXT    G=(none)   M=C:\BCC582\LIB\CW32.LIB|realcvtw ACBP=A9
 0001:000D2C6C 0000002C C=CODE    S=_TEXT    G=(none)   M=C:\BCC582\LIB\CW32.LIB|round ACBP=A9
 0001:000D2C98 000004E9 C=CODE    S=_TEXT    G=(none)   M=C:\BCC582\LIB\CW32.LIB|scantod ACBP=A9
 0001:000D3184 000004E9 C=CODE    S=_TEXT    G=(none)   M=C:\BCC582\LIB\CW32.LIB|scanwtod ACBP=A9
 0001:000D3670 0000003F C=CODE    S=_TEXT    G=(none)   M=C:\BCC582\LIB\CW32.LIB|sin ACBP=A9
 0001:000D36B0 0000003A C=CODE    S=_TEXT    G=(none)   M=C:\BCC582\LIB\CW32.LIB|sqrt ACBP=A9
 0001:000D36EC 000002D4 C=CODE    S=_TEXT    G=(none)   M=C:\BCC582\LIB\CW32.LIB|xcvt ACBP=A9
 0001:000D39C0 000002F3 C=CODE    S=_TEXT    G=(none)   M=C:\BCC582\LIB\CW32.LIB|xcvtw ACBP=A9
 0001:000D3CB4 0000014D C=CODE    S=_TEXT    G=(none)   M=C:\BCC582\LIB\CW32.LIB|mbctype ACBP=A9
 0001:000D3E04 0000003D C=CODE    S=_TEXT    G=(none)   M=C:\BCC582\LIB\CW32.LIB|mbisalp ACBP=A9
 0001:000D3E44 0000001A C=CODE    S=_TEXT    G=(none)   M=C:\BCC582\LIB\CW32.LIB|mbisdgt ACBP=A9
 0001:000D3E60 0000001A C=CODE    S=_TEXT    G=(none)   M=C:\BCC582\LIB\CW32.LIB|mbisspc ACBP=A9
 0001:000D3E7C 0000009B C=CODE    S=_TEXT    G=(none)   M=C:\BCC582\LIB\CW32.LIB|mbsicmp ACBP=A9
 0001:000D3F18 00000054 C=CODE    S=_TEXT    G=(none)   M=C:\BCC582\LIB\CW32.LIB|mbsnbcpy ACBP=A9
 0001:000D3F6C 000000BF C=CODE    S=_TEXT    G=(none)   M=C:\BCC582\LIB\CW32.LIB|mbsnbicm ACBP=A9
 0001:000D402C 0000006C C=CODE    S=_TEXT    G=(none)   M=C:\BCC582\LIB\CW32.LIB|mbspbrk ACBP=A9
 0001:000D4098 00000058 C=CODE    S=_TEXT    G=(none)   M=C:\BCC582\LIB\CW32.LIB|mbsrchr ACBP=A9
 0001:000D40F0 0000001D C=CODE    S=_TEXT    G=(none)   M=C:\BCC582\LIB\CW32.LIB|mbtoupr ACBP=A9
 0001:000D4110 000000A6 C=CODE    S=_TEXT    G=(none)   M=C:\BCC582\LIB\CW32.LIB|assert ACBP=A9
 0001:000D41B8 000000BA C=CODE    S=_TEXT    G=(none)   M=C:\BCC582\LIB\CW32.LIB|ermsghlp ACBP=A9
 0001:000D4272 00000006 C=CODE    S=_TEXT    G=(none)   M=C:\BCC582\LIB\CW32.LIB|errno ACBP=A9
 0001:000D4274 0000019B C=CODE    S=_TEXT    G=(none)   M=C:\BCC582\LIB\CW32.LIB|errormsg ACBP=A9
 0001:000D4410 00000089 C=CODE    S=_TEXT    G=(none)   M=C:\BCC582\LIB\CW32.LIB|platform ACBP=A9
 0001:000D4499 00000013 C=CODE    S=_TEXT    G=(none)   M=C:\BCC582\LIB\CW32.LIB|pureerr ACBP=A9
 0001:000D44AC 00000236 C=CODE    S=_TEXT    G=(none)   M=C:\BCC582\LIB\CW32.LIB|qsort ACBP=A9
 0001:000D46E4 00000022 C=CODE    S=_TEXT    G=(none)   M=C:\BCC582\LIB\CW32.LIB|abort ACBP=A9
 0001:000D4708 000000A7 C=CODE    S=_TEXT    G=(none)   M=C:\BCC582\LIB\CW32.LIB|exit ACBP=A9
 0001:000D47B0 00000057 C=CODE    S=_TEXT    G=(none)   M=C:\BCC582\LIB\CW32.LIB|getenv ACBP=A9
 0001:000D4808 0000001A C=CODE    S=_TEXT    G=(none)   M=C:\BCC582\LIB\CW32.LIB|initwild ACBP=A9
 0001:000D4824 00000011 C=CODE    S=_TEXT    G=(none)   M=C:\BCC582\LIB\CW32.LIB|exparg ACBP=A9
 0001:000D4838 00000011 C=CODE    S=_TEXT    G=(none)   M=C:\BCC582\LIB\CW32.LIB|wexparg ACBP=A9
 0001:000D484C 00000027 C=CODE    S=_TEXT    G=(none)   M=C:\BCC582\LIB\CW32.LIB|initargv ACBP=A9
 0001:000D4874 0000016C C=CODE    S=_TEXT    G=(none)   M=C:\BCC582\LIB\CW32.LIB|setargv ACBP=A9
 0001:000D49E0 000001E5 C=CODE    S=_TEXT    G=(none)   M=C:\BCC582\LIB\CW32.LIB|hsargv ACBP=A9
 0001:000D4BC8 00000227 C=CODE    S=_TEXT    G=(none)   M=C:\BCC582\LIB\CW32.LIB|whsargv ACBP=A9
 0001:000D4DF0 00000045 C=CODE    S=_TEXT    G=(none)   M=C:\BCC582\LIB\CW32.LIB|setargv0 ACBP=A9
 0001:000D4E38 000001A0 C=CODE    S=_TEXT    G=(none)   M=C:\BCC582\LIB\CW32.LIB|setenvp ACBP=A9
 0001:000D4FD8 000002FA C=CODE    S=_TEXT    G=(none)   M=C:\BCC582\LIB\CW32.LIB|signal ACBP=A9
 0001:000D52D4 00000157 C=CODE    S=_TEXT    G=(none)   M=C:\BCC582\LIB\CW32.LIB|initexit ACBP=A9
 0001:000D542C 000001A4 C=CODE    S=_TEXT    G=(none)   M=C:\BCC582\LIB\CW32.LIB|startup ACBP=A9
 0001:000D55D0 0000004F C=CODE    S=_TEXT    G=(none)   M=C:\BCC582\LIB\CW32.LIB|tlsstat ACBP=A9
 0001:000D5620 000002A8 C=CODE    S=_TEXT    G=(none)   M=C:\BCC582\LIB\CW32.LIB|timefunc ACBP=A9
 0001:000D58C8 00000006 C=CODE    S=_TEXT    G=(none)   M=C:\BCC582\LIB\CW32.LIB|tzdata ACBP=A9
 0001:000D58D0 000001C8 C=CODE    S=_TEXT    G=(none)   M=C:\BCC582\LIB\CW32.LIB|tzset ACBP=A9
 0001:000D5A98 00000008 C=CODE    S=_TEXT    G=(none)   M=C:\BCC582\LIB\CW32.LIB|_tzset ACBP=A9
 0001:000D5AA0 00000156 C=CODE    S=_TEXT    G=(none)   M=C:\BCC582\LIB\CW32.LIB|statcvt ACBP=A9
 0001:000D5BF8 0000004D C=CODE    S=_TEXT    G=(none)   M=C:\BCC582\LIB\CW32.LIB|time ACBP=A9
 0001:000D5C48 00001BB9 C=CODE    S=_TEXT    G=(none)   M=C:\BCC582\LIB\CW32.LIB|xx ACBP=A9
 0002:00000000 000000A4 C=DATA    S=_DATA    G=DGROUP   M=C:\BCC582\LIB\C0W32.OBJ ACBP=A9
 0002:000000A4 00000B94 C=DATA    S=_DATA    G=DGROUP   M=C:\SISTEMAS FIVEWIN\TXMLNFE\OBJ\MAIN.OBJ ACBP=A9
 0002:00000C38 000027C4 C=DATA    S=_DATA    G=DGROUP   M=C:\SISTEMAS FIVEWIN\TXMLNFE\OBJ\TXMLNFE.OBJ ACBP=A9
 0002:000033FC 00001168 C=DATA    S=_DATA    G=DGROUP   M=C:\SISTEMAS FIVEWIN\TXMLNFE\OBJ\W32OLE.OBJ ACBP=A9
 0002:00004564 00000FE4 C=DATA    S=_DATA    G=DGROUP   M=C:\FWH1109\LIB\FIVEHX.LIB|ACTIVEX ACBP=A9
 0002:00005548 00000BAC C=DATA    S=_DATA    G=DGROUP   M=C:\FWH1109\LIB\FIVEHX.LIB|ALERT ACBP=A9
 0002:000060F4 000041B4 C=DATA    S=_DATA    G=DGROUP   M=C:\FWH1109\LIB\FIVEHX.LIB|BAR ACBP=A9
 0002:0000A2A8 00003EB0 C=DATA    S=_DATA    G=DGROUP   M=C:\FWH1109\LIB\FIVEHX.LIB|BITMAP ACBP=A9
 0002:0000E158 0000292C C=DATA    S=_DATA    G=DGROUP   M=C:\FWH1109\LIB\FIVEHX.LIB|BRUSH ACBP=A9
 0002:00010A84 00001498 C=DATA    S=_DATA    G=DGROUP   M=C:\FWH1109\LIB\FIVEHX.LIB|BUTTON ACBP=A9
 0002:00011F1C 00001268 C=DATA    S=_DATA    G=DGROUP   M=C:\FWH1109\LIB\FIVEHX.LIB|BUTTONB ACBP=A9
 0002:00013184 00000414 C=DATA    S=_DATA    G=DGROUP   M=C:\FWH1109\LIB\FIVEHX.LIB|CHECKRES ACBP=A9
 0002:00013598 00000A5C C=DATA    S=_DATA    G=DGROUP   M=C:\FWH1109\LIB\FIVEHX.LIB|CLIPBRD ACBP=A9
 0002:00013FF4 00000A98 C=DATA    S=_DATA    G=DGROUP   M=C:\FWH1109\LIB\FIVEHX.LIB|DDE ACBP=A9
 0002:00014A8C 00000624 C=DATA    S=_DATA    G=DGROUP   M=C:\FWH1109\LIB\FIVEHX.LIB|DLGFIND ACBP=A9
 0002:000150B0 00010E6C C=DATA    S=_DATA    G=DGROUP   M=C:\FWH1109\LIB\FIVEHX.LIB|FGET ACBP=A9
 0002:00025F1C 00000578 C=DATA    S=_DATA    G=DGROUP   M=C:\FWH1109\LIB\FIVEHX.LIB|FLINE ACBP=A9
 0002:00026494 000028B8 C=DATA    S=_DATA    G=DGROUP   M=C:\FWH1109\LIB\FIVEHX.LIB|FONT ACBP=A9
 0002:00028D4C 00000364 C=DATA    S=_DATA    G=DGROUP   M=C:\FWH1109\LIB\FIVEHX.LIB|FWERROR ACBP=A9
 0002:000290B0 000018C4 C=DATA    S=_DATA    G=DGROUP   M=C:\FWH1109\LIB\FIVEHX.LIB|GTF ACBP=A9
 0002:0002A974 00000958 C=DATA    S=_DATA    G=DGROUP   M=C:\FWH1109\LIB\FIVEHX.LIB|HARBOUR ACBP=A9
 0002:0002B2CC 00000948 C=DATA    S=_DATA    G=DGROUP   M=C:\FWH1109\LIB\FIVEHX.LIB|HELP32 ACBP=A9
 0002:0002BC14 000008E8 C=DATA    S=_DATA    G=DGROUP   M=C:\FWH1109\LIB\FIVEHX.LIB|HELPCHM ACBP=A9
 0002:0002C4FC 00000F24 C=DATA    S=_DATA    G=DGROUP   M=C:\FWH1109\LIB\FIVEHX.LIB|ICON ACBP=A9
 0002:0002D420 00002A08 C=DATA    S=_DATA    G=DGROUP   M=C:\FWH1109\LIB\FIVEHX.LIB|IMAGE ACBP=A9
 0002:0002FE28 00000AE0 C=DATA    S=_DATA    G=DGROUP   M=C:\FWH1109\LIB\FIVEHX.LIB|INI ACBP=A9
 0002:00030908 00002828 C=DATA    S=_DATA    G=DGROUP   M=C:\FWH1109\LIB\FIVEHX.LIB|LISTBOX ACBP=A9
 0002:00033130 00001300 C=DATA    S=_DATA    G=DGROUP   M=C:\FWH1109\LIB\FIVEHX.LIB|MDICLIEN ACBP=A9
 0002:00034430 0000185C C=DATA    S=_DATA    G=DGROUP   M=C:\FWH1109\LIB\FIVEHX.LIB|MDIFRAME ACBP=A9
 0002:00035C8C 00000730 C=DATA    S=_DATA    G=DGROUP   M=C:\FWH1109\LIB\FIVEHX.LIB|MEMOEDIT ACBP=A9
 0002:000363BC 00002370 C=DATA    S=_DATA    G=DGROUP   M=C:\FWH1109\LIB\FIVEHX.LIB|MENUITEM ACBP=A9
 0002:0003872C 000038C4 C=DATA    S=_DATA    G=DGROUP   M=C:\FWH1109\LIB\FIVEHX.LIB|MGET ACBP=A9
 0002:0003BFF0 000004E8 C=DATA    S=_DATA    G=DGROUP   M=C:\FWH1109\LIB\FIVEHX.LIB|MSGRUN ACBP=A9
 0002:0003C4D8 00000A68 C=DATA    S=_DATA    G=DGROUP   M=C:\FWH1109\LIB\FIVEHX.LIB|NETAPI32 ACBP=A9
 0002:0003CF40 000005E8 C=DATA    S=_DATA    G=DGROUP   M=C:\FWH1109\LIB\FIVEHX.LIB|PDMENU ACBP=A9
 0002:0003D528 00000590 C=DATA    S=_DATA    G=DGROUP   M=C:\FWH1109\LIB\FIVEHX.LIB|PEN ACBP=A9
 0002:0003DAB8 00003E04 C=DATA    S=_DATA    G=DGROUP   M=C:\FWH1109\LIB\FIVEHX.LIB|PRINTER ACBP=A9
 0002:000418BC 000012B4 C=DATA    S=_DATA    G=DGROUP   M=C:\FWH1109\LIB\FIVEHX.LIB|RADIO ACBP=A9
 0002:00042B70 000012C0 C=DATA    S=_DATA    G=DGROUP   M=C:\FWH1109\LIB\FIVEHX.LIB|RADMENU ACBP=A9
 0002:00043E30 000003EC C=DATA    S=_DATA    G=DGROUP   M=C:\FWH1109\LIB\FIVEHX.LIB|RANDOM ACBP=A9
 0002:0004421C 000006FC C=DATA    S=_DATA    G=DGROUP   M=C:\FWH1109\LIB\FIVEHX.LIB|REBAR ACBP=A9
 0002:00044918 000009C4 C=DATA    S=_DATA    G=DGROUP   M=C:\FWH1109\LIB\FIVEHX.LIB|RECT ACBP=A9
 0002:000452DC 00000C90 C=DATA    S=_DATA    G=DGROUP   M=C:\FWH1109\LIB\FIVEHX.LIB|REG32 ACBP=A9
 0002:00045F6C 00001A40 C=DATA    S=_DATA    G=DGROUP   M=C:\FWH1109\LIB\FIVEHX.LIB|SCRLLBAR ACBP=A9
 0002:000479AC 00000A68 C=DATA    S=_DATA    G=DGROUP   M=C:\FWH1109\LIB\FIVEHX.LIB|SHELLAPI ACBP=A9
 0002:00048414 00001070 C=DATA    S=_DATA    G=DGROUP   M=C:\FWH1109\LIB\FIVEHX.LIB|STATUSBA ACBP=A9
 0002:00049484 000006BC C=DATA    S=_DATA    G=DGROUP   M=C:\FWH1109\LIB\FIVEHX.LIB|TACCTBL ACBP=A9
 0002:00049B40 00000310 C=DATA    S=_DATA    G=DGROUP   M=C:\FWH1109\LIB\FIVEHX.LIB|TCLIPGET ACBP=A9
 0002:00049E50 000014C4 C=DATA    S=_DATA    G=DGROUP   M=C:\FWH1109\LIB\FIVEHX.LIB|TFILE ACBP=A9
 0002:0004B314 00006C38 C=DATA    S=_DATA    G=DGROUP   M=C:\FWH1109\LIB\FIVEHX.LIB|TGET ACBP=A9
 0002:00051F4C 00001704 C=DATA    S=_DATA    G=DGROUP   M=C:\FWH1109\LIB\FIVEHX.LIB|TOOLBAR ACBP=A9
 0002:00053650 00000858 C=DATA    S=_DATA    G=DGROUP   M=C:\FWH1109\LIB\FIVEHX.LIB|TIMAGLST ACBP=A9
 0002:00053EA8 0000081C C=DATA    S=_DATA    G=DGROUP   M=C:\FWH1109\LIB\FIVEHX.LIB|TIMER ACBP=A9
 0002:000546C4 00001E34 C=DATA    S=_DATA    G=DGROUP   M=C:\FWH1109\LIB\FIVEHX.LIB|TMETAFIL ACBP=A9
 0002:000564F8 00001504 C=DATA    S=_DATA    G=DGROUP   M=C:\FWH1109\LIB\FIVEHX.LIB|TMSGITEM ACBP=A9
 0002:000579FC 0000587C C=DATA    S=_DATA    G=DGROUP   M=C:\FWH1109\LIB\FIVEHX.LIB|TRICHEDI ACBP=A9
 0002:0005D278 00000EE4 C=DATA    S=_DATA    G=DGROUP   M=C:\FWH1109\LIB\FIVEHX.LIB|TSTRUCT ACBP=A9
 0002:0005E15C 00001370 C=DATA    S=_DATA    G=DGROUP   M=C:\FWH1109\LIB\FIVEHX.LIB|TTXTFILE ACBP=A9
 0002:0005F4CC 000000E8 C=DATA    S=_DATA    G=DGROUP   M=C:\FWH1109\LIB\FIVEHX.LIB|WQOUT ACBP=A9
 0002:0005F5B4 00000264 C=DATA    S=_DATA    G=DGROUP   M=C:\FWH1109\LIB\FIVEHX.LIB|XPAD ACBP=A9
 0002:0005F818 000008C4 C=DATA    S=_DATA    G=DGROUP   M=C:\FWH1109\LIB\FIVEHX.LIB|CURSOR ACBP=A9
 0002:000600DC 000008AC C=DATA    S=_DATA    G=DGROUP   M=C:\FWH1109\LIB\FIVEHX.LIB|GETTASKS ACBP=A9
 0002:00060988 00000F54 C=DATA    S=_DATA    G=DGROUP   M=C:\FWH1109\LIB\FIVEHX.LIB|VALBLANK ACBP=A9
 0002:000618DC 0000173C C=DATA    S=_DATA    G=DGROUP   M=C:\FWH1109\LIB\FIVEHX.LIB|SAY ACBP=A9
 0002:00063018 00002068 C=DATA    S=_DATA    G=DGROUP   M=C:\FWH1109\LIB\FIVEHX.LIB|ERRSYSW ACBP=A9
 0002:00065080 00001A68 C=DATA    S=_DATA    G=DGROUP   M=C:\FWH1109\LIB\FIVEHX.LIB|PRV2PDF ACBP=A9
 0002:00066AE8 00001BB4 C=DATA    S=_DATA    G=DGROUP   M=C:\FWH1109\LIB\FIVEHX.LIB|MDICHILD ACBP=A9
 0002:0006869C 000031CC C=DATA    S=_DATA    G=DGROUP   M=C:\FWH1109\LIB\FIVEHX.LIB|MSGBAR ACBP=A9
 0002:0006B868 00003310 C=DATA    S=_DATA    G=DGROUP   M=C:\FWH1109\LIB\FIVEHX.LIB|COMBOBOX ACBP=A9
 0002:0006EB78 00005EC8 C=DATA    S=_DATA    G=DGROUP   M=C:\FWH1109\LIB\FIVEHX.LIB|CONTROL ACBP=A9
 0002:00074A40 00003D24 C=DATA    S=_DATA    G=DGROUP   M=C:\FWH1109\LIB\FIVEHX.LIB|DIALOG ACBP=A9
 0002:00078764 0000115C C=DATA    S=_DATA    G=DGROUP   M=C:\FWH1109\LIB\FIVEHX.LIB|FILENAME ACBP=A9
 0002:000798C0 00004860 C=DATA    S=_DATA    G=DGROUP   M=C:\FWH1109\LIB\FIVEHX.LIB|MENU ACBP=A9
 0002:0007E120 00000724 C=DATA    S=_DATA    G=DGROUP   M=C:\FWH1109\LIB\FIVEHX.LIB|OLEFUNCS ACBP=A9
 0002:0007E844 00006B58 C=DATA    S=_DATA    G=DGROUP   M=C:\FWH1109\LIB\FIVEHX.LIB|RPREVIEW ACBP=A9
 0002:0008539C 0000BED0 C=DATA    S=_DATA    G=DGROUP   M=C:\FWH1109\LIB\FIVEHX.LIB|WINDOW ACBP=A9
 0002:0009126C 00000548 C=DATA    S=_DATA    G=DGROUP   M=C:\FWH1109\LIB\FIVEHX.LIB|GETSYSIN ACBP=A9
 0002:000917B4 000060D4 C=DATA    S=_DATA    G=DGROUP   M=C:\FWH1109\LIB\FIVEHX.LIB|BTNBMP ACBP=A9
 0002:00097888 0000371C C=DATA    S=_DATA    G=DGROUP   M=C:\FWH1109\LIB\FIVEHC.LIB|BITMAPS ACBP=A9
 0002:0009AFA4 00000008 C=DATA    S=_DATA    G=DGROUP   M=C:\FWH1109\LIB\FIVEHC.LIB|CREATEPA ACBP=A9
 0002:0009AFAC 00000008 C=DATA    S=_DATA    G=DGROUP   M=C:\FWH1109\LIB\FIVEHC.LIB|CTRLDRAW ACBP=A9
 0002:0009AFB4 00000004 C=DATA    S=_DATA    G=DGROUP   M=C:\FWH1109\LIB\FIVEHC.LIB|MSGTOOLS ACBP=A9
 0002:0009AFB8 00000028 C=DATA    S=_DATA    G=DGROUP   M=C:\FWH1109\LIB\FIVEHC.LIB|OCX ACBP=A9
 0002:0009AFE0 00000004 C=DATA    S=_DATA    G=DGROUP   M=C:\FWH1109\LIB\FIVEHC.LIB|OEMANSI ACBP=A9
 0002:0009AFE4 00000010 C=DATA    S=_DATA    G=DGROUP   M=C:\FWH1109\LIB\FIVEHC.LIB|REGIONS ACBP=A9
 0002:0009AFF4 000001E0 C=DATA    S=_DATA    G=DGROUP   M=C:\FWH1109\LIB\FIVEHC.LIB|RIBBON ACBP=A9
 0002:0009B1D4 00000008 C=DATA    S=_DATA    G=DGROUP   M=C:\FWH1109\LIB\FIVEHC.LIB|WINDOWS ACBP=A9
 0002:0009B1DC 00000018 C=DATA    S=_DATA    G=DGROUP   M=C:\FWH1109\LIB\FIVEHC.LIB|WMOUSE ACBP=A9
 0002:0009B1F4 00000018 C=DATA    S=_DATA    G=DGROUP   M=C:\FWH1109\LIB\FIVEHC.LIB|WNDIS ACBP=A9
 0002:0009B20C 00000018 C=DATA    S=_DATA    G=DGROUP   M=C:\FWH1109\LIB\FIVEHC.LIB|__WNDPRO ACBP=A9
 0002:0009B224 00000004 C=DATA    S=_DATA    G=DGROUP   M=C:\FWH1109\LIB\FIVEHC.LIB|BMPREAD ACBP=A9
 0002:0009B228 00000288 C=DATA    S=_DATA    G=DGROUP   M=C:\FWH1109\LIB\FIVEHC.LIB|CTLHDLEH ACBP=A9
 0002:0009B4B0 0000000C C=DATA    S=_DATA    G=DGROUP   M=C:\FWH1109\LIB\FIVEHC.LIB|DLGBOX ACBP=A9
 0002:0009B4BC 00000024 C=DATA    S=_DATA    G=DGROUP   M=C:\FWH1109\LIB\FIVEHC.LIB|FFDLGPRC ACBP=A9
 0002:0009B4E0 0000000C C=DATA    S=_DATA    G=DGROUP   M=C:\FWH1109\LIB\FIVEHC.LIB|FFWNDRUN ACBP=A9
 0002:0009B4EC 0000000C C=DATA    S=_DATA    G=DGROUP   M=C:\FWH1109\LIB\FIVEHC.LIB|HARBOURC ACBP=A9
 0002:0009B4F8 00000014 C=DATA    S=_DATA    G=DGROUP   M=C:\FWH1109\LIB\FIVEHC.LIB|TOOLBARS ACBP=A9
 0002:0009B50C 00000014 C=DATA    S=_DATA    G=DGROUP   M=C:\FWH1109\LIB\FIVEHC.LIB|TOOLTIP ACBP=A9
 0002:0009B520 00000014 C=DATA    S=_DATA    G=DGROUP   M=C:\FWH1109\LIB\FIVEHC.LIB|WNDRUN ACBP=A9
 0002:0009B534 00000022 C=DATA    S=_DATA    G=DGROUP   M=C:\FWH1109\LIB\FIVEHC.LIB|FWPALCTL ACBP=A9
 0002:0009B558 000001A0 C=DATA    S=_DATA    G=DGROUP   M=C:\FWH1109\LIB\FIVEHC.LIB|THEMES ACBP=A9
 0002:0009B6F8 000003EC C=DATA    S=_DATA    G=DGROUP   M=C:\FWH1109\LIB\FIVEHC.LIB|ACTX ACBP=A9
 0002:0009BAE4 0000000C C=DATA    S=_DATA    G=DGROUP   M=C:\FWH1109\LIB\FIVEHC.LIB|BARTOOLS ACBP=A9
 0002:0009BAF0 00000010 C=DATA    S=_DATA    G=DGROUP   M=C:\FWH1109\LIB\FIVEHC.LIB|BMPDRAW ACBP=A9
 0002:0009BB00 00003808 C=DATA    S=_DATA    G=DGROUP   M=C:\FWH1109\LIB\FIVEHC.LIB|BRUSHES ACBP=A9
 0002:0009F308 00000002 C=DATA    S=_DATA    G=DGROUP   M=C:\FWH1109\LIB\FIVEHC.LIB|CALLDLL ACBP=A9
 0002:0009F30C 0000006C C=DATA    S=_DATA    G=DGROUP   M=C:\FWH1109\LIB\FIVEHC.LIB|CALDLL32 ACBP=A9
 0002:0009F378 00000004 C=DATA    S=_DATA    G=DGROUP   M=C:\FWH1109\LIB\FIVEHC.LIB|CLPBRD ACBP=A9
 0002:0009F37C 00000011 C=DATA    S=_DATA    G=DGROUP   M=C:\FWH1109\LIB\FIVEHC.LIB|CODEGTF ACBP=A9
 0002:0009F390 00000008 C=DATA    S=_DATA    G=DGROUP   M=C:\FWH1109\LIB\FIVEHC.LIB|CREATESO ACBP=A9
 0002:0009F398 00000098 C=DATA    S=_DATA    G=DGROUP   M=C:\FWH1109\LIB\FIVEHC.LIB|CTL3D ACBP=A9
 0002:0009F430 00000004 C=DATA    S=_DATA    G=DGROUP   M=C:\FWH1109\LIB\FIVEHC.LIB|CTRL2CHR ACBP=A9
 0002:0009F434 00000550 C=DATA    S=_DATA    G=DGROUP   M=C:\FWH1109\LIB\FIVEHC.LIB|CURSORS ACBP=A9
 0002:0009F984 0000007C C=DATA    S=_DATA    G=DGROUP   M=C:\FWH1109\LIB\FIVEHC.LIB|DEVICE ACBP=A9
 0002:0009FA00 00000004 C=DATA    S=_DATA    G=DGROUP   M=C:\FWH1109\LIB\FIVEHC.LIB|DIB ACBP=A9
 0002:0009FA04 00000004 C=DATA    S=_DATA    G=DGROUP   M=C:\FWH1109\LIB\FIVEHC.LIB|DRAWITEM ACBP=A9
 0002:0009FA08 00000024 C=DATA    S=_DATA    G=DGROUP   M=C:\FWH1109\LIB\FIVEHC.LIB|FGETCLIP ACBP=A9
 0002:0009FA2C 00000004 C=DATA    S=_DATA    G=DGROUP   M=C:\FWH1109\LIB\FIVEHC.LIB|FGETLINE ACBP=A9
 0002:0009FA30 00000018 C=DATA    S=_DATA    G=DGROUP   M=C:\FWH1109\LIB\FIVEHC.LIB|FINDTEXT ACBP=A9
 0002:0009FA48 00000010 C=DATA    S=_DATA    G=DGROUP   M=C:\FWH1109\LIB\FIVEHC.LIB|FONTS ACBP=A9
 0002:0009FA58 00000004 C=DATA    S=_DATA    G=DGROUP   M=C:\FWH1109\LIB\FIVEHC.LIB|FTEXT ACBP=A9
 0002:0009FA5C 00000028 C=DATA    S=_DATA    G=DGROUP   M=C:\FWH1109\LIB\FIVEHC.LIB|GETFILE ACBP=A9
 0002:0009FA84 00000004 C=DATA    S=_DATA    G=DGROUP   M=C:\FWH1109\LIB\FIVEHC.LIB|GETTEXT ACBP=A9
 0002:0009FA88 0000000D C=DATA    S=_DATA    G=DGROUP   M=C:\FWH1109\LIB\FIVEHC.LIB|HANDLIST ACBP=A9
 0002:0009FA98 00000004 C=DATA    S=_DATA    G=DGROUP   M=C:\FWH1109\LIB\FIVEHC.LIB|HELP ACBP=A9
 0002:0009FA9C 00000170 C=DATA    S=_DATA    G=DGROUP   M=C:\FWH1109\LIB\FIVEHC.LIB|ICONS ACBP=A9
 0002:0009FC0C 000000A0 C=DATA    S=_DATA    G=DGROUP   M=C:\FWH1109\LIB\FIVEHC.LIB|IMAGELIS ACBP=A9
 0002:0009FCAC 00000004 C=DATA    S=_DATA    G=DGROUP   M=C:\FWH1109\LIB\FIVEHC.LIB|INSTANCE ACBP=A9
 0002:0009FCB0 00000004 C=DATA    S=_DATA    G=DGROUP   M=C:\FWH1109\LIB\FIVEHC.LIB|LBX ACBP=A9
 0002:0009FCB4 00000008 C=DATA    S=_DATA    G=DGROUP   M=C:\FWH1109\LIB\FIVEHC.LIB|LOADBMP ACBP=A9
 0002:0009FCBC 000000A8 C=DATA    S=_DATA    G=DGROUP   M=C:\FWH1109\LIB\FIVEHC.LIB|METAFI32 ACBP=A9
 0002:0009FD64 00000008 C=DATA    S=_DATA    G=DGROUP   M=C:\FWH1109\LIB\FIVEHC.LIB|MGETCREA ACBP=A9
 0002:0009FD6C 000000B0 C=DATA    S=_DATA    G=DGROUP   M=C:\FWH1109\LIB\FIVEHC.LIB|MSGS ACBP=A9
 0002:0009FE1C 00000004 C=DATA    S=_DATA    G=DGROUP   M=C:\FWH1109\LIB\FIVEHC.LIB|OR ACBP=A9
 0002:0009FE20 00000018 C=DATA    S=_DATA    G=DGROUP   M=C:\FWH1109\LIB\FIVEHC.LIB|PRINTDC ACBP=A9
 0002:0009FE38 00000004 C=DATA    S=_DATA    G=DGROUP   M=C:\FWH1109\LIB\FIVEHC.LIB|PROFILE ACBP=A9
 0002:0009FE3C 00000010 C=DATA    S=_DATA    G=DGROUP   M=C:\FWH1109\LIB\FIVEHC.LIB|RECTS ACBP=A9
 0002:0009FE4C 00000008 C=DATA    S=_DATA    G=DGROUP   M=C:\FWH1109\LIB\FIVEHC.LIB|RESOURCE ACBP=A9
 0002:0009FE54 000001F8 C=DATA    S=_DATA    G=DGROUP   M=C:\FWH1109\LIB\FIVEHC.LIB|RICHEDIT ACBP=A9
 0002:000A004C 00000018 C=DATA    S=_DATA    G=DGROUP   M=C:\FWH1109\LIB\FIVEHC.LIB|SCROLL ACBP=A9
 0002:000A0064 00000004 C=DATA    S=_DATA    G=DGROUP   M=C:\FWH1109\LIB\FIVEHC.LIB|SETTEXT ACBP=A9
 0002:000A0068 00000048 C=DATA    S=_DATA    G=DGROUP   M=C:\FWH1109\LIB\FIVEHC.LIB|WNDMOVE ACBP=A9
 0002:000A00B0 00000018 C=DATA    S=_DATA    G=DGROUP   M=C:\FWH1109\LIB\FIVEHC.LIB|WNDPRINT ACBP=A9
 0002:000A00C8 00000028 C=DATA    S=_DATA    G=DGROUP   M=C:\FWH1109\LIB\FIVEHC.LIB|WINSOCK ACBP=A9
 0002:000A00F0 00000010 C=DATA    S=_DATA    G=DGROUP   M=C:\FWH1109\LIB\FIVEHC.LIB|FWBMP ACBP=A9
 0002:000A0100 00000004 C=DATA    S=_DATA    G=DGROUP   M=C:\XHB121\LIB\RTL.LIB|abs ACBP=A9
 0002:000A0104 0000000C C=DATA    S=_DATA    G=DGROUP   M=C:\XHB121\LIB\RTL.LIB|at ACBP=A9
 0002:000A0110 00000010 C=DATA    S=_DATA    G=DGROUP   M=C:\XHB121\LIB\RTL.LIB|bkgtsks ACBP=A9
 0002:000A0120 000004B0 C=DATA    S=_DATA    G=DGROUP   M=C:\XHB121\LIB\RTL.LIB|cdpapi ACBP=A9
 0002:000A05D0 00000008 C=DATA    S=_DATA    G=DGROUP   M=C:\XHB121\LIB\RTL.LIB|chrasc ACBP=A9
 0002:000A05D8 00000004 C=DATA    S=_DATA    G=DGROUP   M=C:\XHB121\LIB\RTL.LIB|colorind ACBP=A9
 0002:000A05DC 00000040 C=DATA    S=_DATA    G=DGROUP   M=C:\XHB121\LIB\RTL.LIB|console ACBP=A9
 0002:000A061C 00000010 C=DATA    S=_DATA    G=DGROUP   M=C:\XHB121\LIB\RTL.LIB|datec ACBP=A9
 0002:000A062C 00000058 C=DATA    S=_DATA    G=DGROUP   M=C:\XHB121\LIB\RTL.LIB|dateshb ACBP=A9
 0002:000A0684 00000078 C=DATA    S=_DATA    G=DGROUP   M=C:\XHB121\LIB\RTL.LIB|direct ACBP=A9
 0002:000A06FC 0000014C C=DATA    S=_DATA    G=DGROUP   M=C:\XHB121\LIB\RTL.LIB|dllcall ACBP=A9
 0002:000A0848 00000004 C=DATA    S=_DATA    G=DGROUP   M=C:\XHB121\LIB\RTL.LIB|file ACBP=A9
 0002:000A084C 0000004C C=DATA    S=_DATA    G=DGROUP   M=C:\XHB121\LIB\RTL.LIB|filebuf ACBP=A9
 0002:000A0898 00000018 C=DATA    S=_DATA    G=DGROUP   M=C:\XHB121\LIB\RTL.LIB|filesys ACBP=A9
 0002:000A08B0 00000094 C=DATA    S=_DATA    G=DGROUP   M=C:\XHB121\LIB\RTL.LIB|fparse ACBP=A9
 0002:000A0944 00000004 C=DATA    S=_DATA    G=DGROUP   M=C:\XHB121\LIB\RTL.LIB|fstemp ACBP=A9
 0002:000A0948 00000004 C=DATA    S=_DATA    G=DGROUP   M=C:\XHB121\LIB\RTL.LIB|gete ACBP=A9
 0002:000A094C 0000001C C=DATA    S=_DATA    G=DGROUP   M=C:\XHB121\LIB\RTL.LIB|gtapi ACBP=A9
 0002:000A0968 00000060 C=DATA    S=_DATA    G=DGROUP   M=C:\XHB121\LIB\RTL.LIB|hbbitf ACBP=A9
 0002:000A09C8 00000020 C=DATA    S=_DATA    G=DGROUP   M=C:\XHB121\LIB\RTL.LIB|hbffind ACBP=A9
 0002:000A09E8 00000294 C=DATA    S=_DATA    G=DGROUP   M=C:\XHB121\LIB\RTL.LIB|hbgtcore ACBP=A9
 0002:000A0C7C 00000024 C=DATA    S=_DATA    G=DGROUP   M=C:\XHB121\LIB\RTL.LIB|hbhex2n ACBP=A9
 0002:000A0CA0 00000004 C=DATA    S=_DATA    G=DGROUP   M=C:\XHB121\LIB\RTL.LIB|hbrandom ACBP=A9
 0002:000A0CA4 00000360 C=DATA    S=_DATA    G=DGROUP   M=C:\XHB121\LIB\RTL.LIB|hbserv ACBP=A9
 0002:000A1004 0000030C C=DATA    S=_DATA    G=DGROUP   M=C:\XHB121\LIB\RTL.LIB|hbxml ACBP=A9
 0002:000A1310 00000018 C=DATA    S=_DATA    G=DGROUP   M=C:\XHB121\LIB\RTL.LIB|idle ACBP=A9
 0002:000A1328 0000000C C=DATA    S=_DATA    G=DGROUP   M=C:\XHB121\LIB\RTL.LIB|inkey ACBP=A9
 0002:000A1334 00000060 C=DATA    S=_DATA    G=DGROUP   M=C:\XHB121\LIB\RTL.LIB|langapi ACBP=A9
 0002:000A1394 00000008 C=DATA    S=_DATA    G=DGROUP   M=C:\XHB121\LIB\RTL.LIB|left ACBP=A9
 0002:000A139C 00000004 C=DATA    S=_DATA    G=DGROUP   M=C:\XHB121\LIB\RTL.LIB|len ACBP=A9
 0002:000A13A0 00000154 C=DATA    S=_DATA    G=DGROUP   M=C:\XHB121\LIB\RTL.LIB|math ACBP=A9
 0002:000A14F4 00000008 C=DATA    S=_DATA    G=DGROUP   M=C:\XHB121\LIB\RTL.LIB|minmax ACBP=A9
 0002:000A14FC 00000004 C=DATA    S=_DATA    G=DGROUP   M=C:\XHB121\LIB\RTL.LIB|oemansi ACBP=A9
 0002:000A1500 00000004 C=DATA    S=_DATA    G=DGROUP   M=C:\XHB121\LIB\RTL.LIB|padc ACBP=A9
 0002:000A1504 00000004 C=DATA    S=_DATA    G=DGROUP   M=C:\XHB121\LIB\RTL.LIB|padl ACBP=A9
 0002:000A1508 00000004 C=DATA    S=_DATA    G=DGROUP   M=C:\XHB121\LIB\RTL.LIB|padr ACBP=A9
 0002:000A150C 000000E4 C=DATA    S=_DATA    G=DGROUP   M=C:\XHB121\LIB\RTL.LIB|philes ACBP=A9
 0002:000A15F0 000000D4 C=DATA    S=_DATA    G=DGROUP   M=C:\XHB121\LIB\RTL.LIB|regex ACBP=A9
 0002:000A16C4 0000000C C=DATA    S=_DATA    G=DGROUP   M=C:\XHB121\LIB\RTL.LIB|replic ACBP=A9
 0002:000A16D0 00000008 C=DATA    S=_DATA    G=DGROUP   M=C:\XHB121\LIB\RTL.LIB|right ACBP=A9
 0002:000A16D8 0000000C C=DATA    S=_DATA    G=DGROUP   M=C:\XHB121\LIB\RTL.LIB|round ACBP=A9
 0002:000A16E4 00000008 C=DATA    S=_DATA    G=DGROUP   M=C:\XHB121\LIB\RTL.LIB|seconds ACBP=A9
 0002:000A16EC 000000A4 C=DATA    S=_DATA    G=DGROUP   M=C:\XHB121\LIB\RTL.LIB|set ACBP=A9
 0002:000A1790 00000004 C=DATA    S=_DATA    G=DGROUP   M=C:\XHB121\LIB\RTL.LIB|setcolor ACBP=A9
 0002:000A1794 00000008 C=DATA    S=_DATA    G=DGROUP   M=C:\XHB121\LIB\RTL.LIB|space ACBP=A9
 0002:000A179C 00000004 C=DATA    S=_DATA    G=DGROUP   M=C:\XHB121\LIB\RTL.LIB|spfiles ACBP=A9
 0002:000A17A0 00000004 C=DATA    S=_DATA    G=DGROUP   M=C:\XHB121\LIB\RTL.LIB|str ACBP=A9
 0002:000A17A4 0000000C C=DATA    S=_DATA    G=DGROUP   M=C:\XHB121\LIB\RTL.LIB|strcase ACBP=A9
 0002:000A17B0 00000004 C=DATA    S=_DATA    G=DGROUP   M=C:\XHB121\LIB\RTL.LIB|strdel ACBP=A9
 0002:000A17B4 0000000C C=DATA    S=_DATA    G=DGROUP   M=C:\XHB121\LIB\RTL.LIB|strtran ACBP=A9
 0002:000A17C0 0000000C C=DATA    S=_DATA    G=DGROUP   M=C:\XHB121\LIB\RTL.LIB|strzero ACBP=A9
 0002:000A17CC 00000004 C=DATA    S=_DATA    G=DGROUP   M=C:\XHB121\LIB\RTL.LIB|stuff ACBP=A9
 0002:000A17D0 00000008 C=DATA    S=_DATA    G=DGROUP   M=C:\XHB121\LIB\RTL.LIB|substr ACBP=A9
 0002:000A17D8 000000C0 C=DATA    S=_DATA    G=DGROUP   M=C:\XHB121\LIB\RTL.LIB|tprinter ACBP=A9
 0002:000A1898 00000030 C=DATA    S=_DATA    G=DGROUP   M=C:\XHB121\LIB\RTL.LIB|trace ACBP=A9
 0002:000A18C8 0000016C C=DATA    S=_DATA    G=DGROUP   M=C:\XHB121\LIB\RTL.LIB|transfrm ACBP=A9
 0002:000A1A34 00000010 C=DATA    S=_DATA    G=DGROUP   M=C:\XHB121\LIB\RTL.LIB|trim ACBP=A9
 0002:000A1A44 00000008 C=DATA    S=_DATA    G=DGROUP   M=C:\XHB121\LIB\RTL.LIB|type ACBP=A9
 0002:000A1A4C 0000000C C=DATA    S=_DATA    G=DGROUP   M=C:\XHB121\LIB\RTL.LIB|valtype ACBP=A9
 0002:000A1A58 00000058 C=DATA    S=_DATA    G=DGROUP   M=C:\XHB121\LIB\RTL.LIB|version ACBP=A9
 0002:000A1AB0 00000008 C=DATA    S=_DATA    G=DGROUP   M=C:\XHB121\LIB\RTL.LIB|word ACBP=A9
 0002:000A1AB8 00000008 C=DATA    S=_DATA    G=DGROUP   M=C:\XHB121\LIB\RTL.LIB|xhelp ACBP=A9
 0002:000A1AC0 00000004 C=DATA    S=_DATA    G=DGROUP   M=C:\XHB121\LIB\RTL.LIB|xsavescr ACBP=A9
 0002:000A1AC4 0000182C C=DATA    S=_DATA    G=DGROUP   M=C:\XHB121\LIB\RTL.LIB|cstr ACBP=A9
 0002:000A32F0 000000E4 C=DATA    S=_DATA    G=DGROUP   M=C:\XHB121\LIB\RTL.LIB|memvarbl ACBP=A9
 0002:000A33D4 00001170 C=DATA    S=_DATA    G=DGROUP   M=C:\XHB121\LIB\RTL.LIB|objfunc ACBP=A9
 0002:000A4544 0000198C C=DATA    S=_DATA    G=DGROUP   M=C:\XHB121\LIB\RTL.LIB|tclass ACBP=A9
 0002:000A5ED0 000069E4 C=DATA    S=_DATA    G=DGROUP   M=C:\XHB121\LIB\RTL.LIB|tget ACBP=A9
 0002:000AC8B4 00000C70 C=DATA    S=_DATA    G=DGROUP   M=C:\XHB121\LIB\RTL.LIB|tobject ACBP=A9
 0002:000AD524 000004C4 C=DATA    S=_DATA    G=DGROUP   M=C:\XHB121\LIB\RTL.LIB|traceprg ACBP=A9
 0002:000AD9E8 0000186C C=DATA    S=_DATA    G=DGROUP   M=C:\XHB121\LIB\RTL.LIB|tscalar ACBP=A9
 0002:000AF254 000026B8 C=DATA    S=_DATA    G=DGROUP   M=C:\XHB121\LIB\RTL.LIB|txml ACBP=A9
 0002:000B190C 000022E4 C=DATA    S=_DATA    G=DGROUP   M=C:\XHB121\LIB\RTL.LIB|win32ole ACBP=A9
 0002:000B3BF0 00000048 C=DATA    S=_DATA    G=DGROUP   M=C:\XHB121\LIB\VM.LIB|arrays ACBP=A9
 0002:000B3C38 00000188 C=DATA    S=_DATA    G=DGROUP   M=C:\XHB121\LIB\VM.LIB|arrayshb ACBP=A9
[...]
 0002:000BFDB0  __ectbl__ std::basic_streambuf<wchar_t, std::char_traits<wchar_t> >::basic_streambuf<wchar_t, std::char_traits<wchar_t> >()
 0002:000BFDEC  __odtbl__ std::basic_ios<wchar_t, std::char_traits<wchar_t> >::basic_ios<wchar_t, std::char_traits<wchar_t> >()
 0002:000BFDFC  __ectbl__ std::basic_ios<wchar_t, std::char_traits<wchar_t> >::basic_ios<wchar_t, std::char_traits<wchar_t> >()
 0002:000BFE14  __odtbl__ std::basic_ios<wchar_t, std::char_traits<wchar_t> >::widen(char) const
 0002:000BFE34  __ectbl__ std::basic_ios<wchar_t, std::char_traits<wchar_t> >::widen(char) const
 0002:000BFE58  __odtbl__ const std::ctype<wchar_t>& std::use_facet<std::ctype<wchar_t> >(const std::locale&)
 0002:000BFE88  __ectbl__ const std::ctype<wchar_t>& std::use_facet<std::ctype<wchar_t> >(const std::locale&)
 0002:000BFEB8  __odtbl__ std::ctype<wchar_t>::_Getcat(const std::locale::facet * *)
 0002:000BFEC8  __ectbl__ std::ctype<wchar_t>::_Getcat(const std::locale::facet * *)
 0002:000BFEEC  __odtbl__ std::ctype<wchar_t>::ctype<wchar_t>(unsigned int)
 0002:000BFF0C  __ectbl__ std::ctype<wchar_t>::ctype<wchar_t>(unsigned int)
 0002:000BFF30  std::_Facetptr<std::ctype<wchar_t> >::_Psave
 0002:000BFF34  __odtbl__ std::basic_filebuf<wchar_t, std::char_traits<wchar_t> >::basic_filebuf<wchar_t, std::char_traits<wchar_t> >(std::_Uninitialized)
 0002:000BFF44  __ectbl__ std::basic_filebuf<wchar_t, std::char_traits<wchar_t> >::basic_filebuf<wchar_t, std::char_traits<wchar_t> >(std::_Uninitialized)
 0002:000BFF5C  __odtbl__ std::basic_istream<wchar_t, std::char_traits<wchar_t> >::basic_istream<wchar_t, std::char_traits<wchar_t> >(std::_Uninitialized)
 0002:000BFF6C  __ectbl__ std::basic_istream<wchar_t, std::char_traits<wchar_t> >::basic_istream<wchar_t, std::char_traits<wchar_t> >(std::_Uninitialized)
 0002:000BFF84  __odtbl__ std::basic_ostream<wchar_t, std::char_traits<wchar_t> >::basic_ostream<wchar_t, std::char_traits<wchar_t> >(std::_Uninitialized)
 0002:000BFF94  __ectbl__ std::basic_ostream<wchar_t, std::char_traits<wchar_t> >::basic_ostream<wchar_t, std::char_traits<wchar_t> >(std::_Uninitialized)
 0002:000BFFAC  __odtbl__ std::basic_ostream<wchar_t, std::char_traits<wchar_t> >::~basic_ostream<wchar_t, std::char_traits<wchar_t> >()
 0002:000BFFBC  __ectbl__ std::basic_ostream<wchar_t, std::char_traits<wchar_t> >::~basic_ostream<wchar_t, std::char_traits<wchar_t> >()
 0002:000BFFD4  __odtbl__ std::basic_istream<wchar_t, std::char_traits<wchar_t> >::~basic_istream<wchar_t, std::char_traits<wchar_t> >()
 0002:000BFFE4  __ectbl__ std::basic_istream<wchar_t, std::char_traits<wchar_t> >::~basic_istream<wchar_t, std::char_traits<wchar_t> >()
 0002:000BFFFC  __odtbl__ std::basic_filebuf<wchar_t, std::char_traits<wchar_t> >::~basic_filebuf<wchar_t, std::char_traits<wchar_t> >()
 0002:000C000C  __ectbl__ std::basic_filebuf<wchar_t, std::char_traits<wchar_t> >::~basic_filebuf<wchar_t, std::char_traits<wchar_t> >()
 0002:000C0024  __odtbl__ std::basic_streambuf<wchar_t, std::char_traits<wchar_t> >::basic_streambuf<wchar_t, std::char_traits<wchar_t> >(std::_Uninitialized)
 0002:000C0034  __ectbl__ std::basic_streambuf<wchar_t, std::char_traits<wchar_t> >::basic_streambuf<wchar_t, std::char_traits<wchar_t> >(std::_Uninitialized)
 0002:000C004C  __odtbl__ std::basic_ios<wchar_t, std::char_traits<wchar_t> >::~basic_ios<wchar_t, std::char_traits<wchar_t> >()
 0002:000C005C  __ectbl__ std::basic_ios<wchar_t, std::char_traits<wchar_t> >::~basic_ios<wchar_t, std::char_traits<wchar_t> >()
 0002:000C0074  __odtbl__ std::basic_filebuf<wchar_t, std::char_traits<wchar_t> >::_Endwrite()
 0002:000C0094  __ectbl__ std::basic_filebuf<wchar_t, std::char_traits<wchar_t> >::_Endwrite()
 0002:000C00B8  __ectbl__ std::basic_streambuf<wchar_t, std::char_traits<wchar_t> >::~basic_streambuf<wchar_t, std::char_traits<wchar_t> >()
 0002:000C00C4  @std@%ctype$b%@3
 0002:000C0104  @std@%basic_ios$b19std@%char_traits$b%%@3
 0002:000C0114  @std@%basic_streambuf$b19std@%char_traits$b%%@3
 0002:000C015C  @std@%basic_ostream$b19std@%char_traits$b%%@3
 0002:000C0178  @std@%basic_istream$b19std@%char_traits$b%%@3
 0002:000C0194  @std@%basic_filebuf$b19std@%char_traits$b%%@3
 0002:000C01DC  __odtbl__ std::ctype<wchar_t>::~ctype<wchar_t>()
 0002:000C01EC  __ectbl__ std::ctype<wchar_t>::~ctype<wchar_t>()
 0002:000C0204  __odtbl__ std::basic_filebuf<wchar_t, std::char_traits<wchar_t> >::overflow(wchar_t)
 0002:000C0224  __ectbl__ std::basic_filebuf<wchar_t, std::char_traits<wchar_t> >::overflow(wchar_t)
 0002:000C0248  __odtbl__ std::basic_filebuf<wchar_t, std::char_traits<wchar_t> >::uflow()
 0002:000C0268  __ectbl__ std::basic_filebuf<wchar_t, std::char_traits<wchar_t> >::uflow()
 0002:000C028C  __odtbl__ const std::codecvt<wchar_t, char, int>& std::use_facet<std::codecvt<wchar_t, char, int> >(const std::locale&)
 0002:000C02BC  __ectbl__ const std::codecvt<wchar_t, char, int>& std::use_facet<std::codecvt<wchar_t, char, int> >(const std::locale&)
 0002:000C02EC  __odtbl__ std::codecvt<wchar_t, char, int>::_Getcat(const std::locale::facet * *)
 0002:000C02FC  __ectbl__ std::codecvt<wchar_t, char, int>::_Getcat(const std::locale::facet * *)
 0002:000C0320  __odtbl__ std::codecvt<wchar_t, char, int>::codecvt<wchar_t, char, int>(unsigned int)
 0002:000C0340  __ectbl__ std::codecvt<wchar_t, char, int>::codecvt<wchar_t, char, int>(unsigned int)
 0002:000C0364  @std@%codecvt$bci%@3
 0002:000C0390  std::_Facetptr<std::codecvt<wchar_t, char, int> >::_Psave
 0002:000C0394  __odtbl__ std::codecvt<wchar_t, char, int>::~codecvt<wchar_t, char, int>()
 0002:000C03A4  __ectbl__ std::codecvt<wchar_t, char, int>::~codecvt<wchar_t, char, int>()
 0002:000C03BC  __thrwl__ std::codecvt<wchar_t, char, int>::do_always_noconv() const
 0002:000C03C0  __ectbl__ std::codecvt<wchar_t, char, int>::do_always_noconv() const
 0002:000C03CC  __thrwl__ std::codecvt<wchar_t, char, int>::do_max_length() const
 0002:000C03D0  __ectbl__ std::codecvt<wchar_t, char, int>::do_max_length() const
 0002:000C03DC  __thrwl__ std::codecvt<wchar_t, char, int>::do_encoding() const
 0002:000C03E0  __ectbl__ std::codecvt<wchar_t, char, int>::do_encoding() const
 0002:000C03EC  std::ctype<wchar_t>::id
 0002:000C03F0  __vdflg__ std::ctype<wchar_t>::id
 0002:000C03F4  time_put<wchar_t, std::ostreambuf_iterator<wchar_t, std::char_traits<wchar_t> > >::id
 0002:000C03F8  __vdflg__ time_put<wchar_t, std::ostreambuf_iterator<wchar_t, std::char_traits<wchar_t> > >::id
 0002:000C03FC  std::num_get<wchar_t, std::istreambuf_iterator<wchar_t, std::char_traits<wchar_t> > >::id
 0002:000C0400  __vdflg__ std::num_get<wchar_t, std::istreambuf_iterator<wchar_t, std::char_traits<wchar_t> > >::id
 0002:000C0404  std::num_put<wchar_t, std::ostreambuf_iterator<wchar_t, std::char_traits<wchar_t> > >::id
 0002:000C0408  __vdflg__ std::num_put<wchar_t, std::ostreambuf_iterator<wchar_t, std::char_traits<wchar_t> > >::id
 0002:000C040C  std::numpunct<wchar_t>::id
 0002:000C0410  __vdflg__ std::numpunct<wchar_t>::id
 0002:000C0414  std::collate<wchar_t>::id
 0002:000C0418  __vdflg__ std::collate<wchar_t>::id
 0002:000C041C  std::messages<wchar_t>::id
 0002:000C0420  __vdflg__ std::messages<wchar_t>::id
 0002:000C0424  std::money_get<wchar_t, std::istreambuf_iterator<wchar_t, std::char_traits<wchar_t> > >::id
 0002:000C0428  __vdflg__ std::money_get<wchar_t, std::istreambuf_iterator<wchar_t, std::char_traits<wchar_t> > >::id
 0002:000C042C  std::money_put<wchar_t, std::ostreambuf_iterator<wchar_t, std::char_traits<wchar_t> > >::id
 0002:000C0430  __vdflg__ std::money_put<wchar_t, std::ostreambuf_iterator<wchar_t, std::char_traits<wchar_t> > >::id
 0002:000C0434  std::moneypunct<wchar_t, 0>::id
 0002:000C0438  __vdflg__ std::moneypunct<wchar_t, 0>::id
 0002:000C043C  std::moneypunct<wchar_t, 1>::id
 0002:000C0440  __vdflg__ std::moneypunct<wchar_t, 1>::id
 0002:000C0444  std::time_get<wchar_t, std::istreambuf_iterator<wchar_t, std::char_traits<wchar_t> > >::id
 0002:000C0448  __vdflg__ std::time_get<wchar_t, std::istreambuf_iterator<wchar_t, std::char_traits<wchar_t> > >::id
 0002:000C044C  d2287_1
 0002:000C0650  d2291_1
 0002:000C06B4  d2433_1
 0002:000C06B8  d2435_1
 0002:000C07C8  d2445_1
 0002:000C07CC  __heap_redirector
 0002:000C07E8  d2449_1
 0002:000C07E8  __virt_heap_size
 0002:000C07EC  __virt_chunk_size
 0002:000C07F0  __virt_chunk_size2
 0002:000C07F4  __nv_heap_size
 0002:000C07F8  __smalloc_threshold
 0002:000C07FC  __virt_chunk_free
 0002:000C0800  __virt_chunk_free2
 0002:000C0804  __firstHeap
 0002:000C0808  __lastHeap
 0002:000C080C  __linktable
 0002:000C0810  __freeStart
 0002:000C081C  __rover
 0002:000C0824  ___allocated
 0002:000C0828  d2595_1
 0002:000C083C  d2667_0
 0002:000C083C  ___xxPersonality
 0002:000C0840  d2669_1
 0002:000C0B64  @std@bad_typeid@3
 0002:000C0B78  d2671_1
 0002:000C0B78  ___terminatePTR
 0002:000C0B7C  ___unexpectdPTR
 0002:000C0B80  ___CPPexceptionList
 0002:000C0B80  d2673_1
 0002:000C0B84  ___exceptFlags
 0002:000C0B88  ___throwFileName
 0002:000C0B8C  ___throwLineNumber
 0002:000C0B90  ___throwExceptionName
 0002:000C0B94  ___exceptStaticBuffP
 0002:000C0B98  ___exceptMemAllocVars
 0002:000C0B9C  ___ExceptStaticXbuff
 0002:000C0C1C  __ExceptVarsSize
 0002:000C0C30  __chtbl__ __call_terminate()
 0002:000C0C50  __ectbl__ __call_terminate()
 0002:000C0C68  __stkchk
 0002:000C0C68  d2679_1
 0002:000C0C7C  d2695_1
 0002:000C0C88  d2715_1
 0002:000C0C88  __cfinfo_get
 0002:000C0C8C  d2769_1
 0002:000C0C8C  __notUmask
 0002:000C0C90  d2795_0
 0002:000C0C90  __fileinfo
 0002:000C0C94  __streams
 0002:000C0C94  d2865_0
 0002:000C1144  __nfile
 0002:000C1144  d2867_0
 0002:000C1148  __openfd
 0002:000C1210  __fmode
 0002:000C1210  d2877_0
 0002:000C1214  d2879_1
 0002:000C1214  __fmodeptr
 0002:000C1218  __dosErrorToSV
 0002:000C1218  d2944_1
 0002:000C1344  d2967_1
 0002:000C1350  d2975_1
 0002:000C1350  __sys_errlist
 0002:000C1418  __sys_nerr
 0002:000C17E4  d3037_1
 0002:000C17FC  d3069_1
 0002:000C1874  __chartype
 0002:000C1874  d3149_0
 0002:000C1A78  d3151_1
 0002:000C1A78  __localeconvention
 0002:000C1AB4  d3153_1
 0002:000C1B04  __lower
 0002:000C1B04  d3155_0
 0002:000C1C04  d3159_0
 0002:000C1C04  __upper
 0002:000C1D04  ___mb_cur_max
 0002:000C1D04  d3175_1
 0002:000C1D08  ___localeLock
 0002:000C1E1C  _CMonetary
 0002:000C1E1C  d3177_0
 0002:000C1E50  _CNumeric
 0002:000C1E68  _CTimeDate
 0002:000C1F2C  _CLOCALE
 0002:000C1F58  ___locale
 0002:000C207C  d3179_1
 0002:000C2108  d3305_1
 0002:000C2118  d3311_1
 0002:000C21D8  d3348_1
 0002:000C21E4  __realcvtptr
 0002:000C21E4  d3366_1
 0002:000C21E8  __nextrealptr
 0002:000C21EC  __scantodptr
 0002:000C21F0  __scanrsltptr
 0002:000C224C  d3368_1
 0002:000C224C  __realcvtwptr
 0002:000C2250  __nextrealwptr
 0002:000C2254  __scanwtodptr
 0002:000C2258  __scanwrsltptr
 0002:000C22B4  __default87
 0002:000C22B4  d3370_0
 0002:000C22B8  d3376_1
 0002:000C22C4  d3384_1
 0002:000C22D8  d3386_1
 0002:000C22F0  __huge_flt
 0002:000C22F0  d3424_0
 0002:000C22F4  __huge_dble
 0002:000C22FC  __huge_ldble
 0002:000C2306  __max_flt
 0002:000C230A  __max_dble
 0002:000C2312  __max_ldble
 0002:000C231C  __indefinite
 0002:000C2320  __tiny_ldble
 0002:000C232C  ___ieee_64_p_inf
 0002:000C2334  ___ieee_64_n_inf
 0002:000C233C  ___ieee_64_p_nanq
 0002:000C2344  ___ieee_64_n_nanq
 0002:000C234C  ___ieee_64_p_nans
 0002:000C2354  ___ieee_64_n_nans
 0002:000C235C  ___ieee_64_p_zero
 0002:000C2364  ___ieee_64_n_zero
 0002:000C236C  d3434_0
 0002:000C236C  __turboFloat
 0002:000C2370  __floatconvert
 0002:000C2374  d3448_1
 0002:000C2380  d3472_1
 0002:000C2380  __pmatherr
 0002:000C2384  __pmatherrl
 0002:000C2388  __mathwhy
 0002:000C2388  d3476_0
 0002:000C23CC  d3486_1
 0002:000C23E8  d3498_1
 0002:000C23F0  d3500_1
 0002:000C2404  d3502_1
 0002:000C242C  d3509_1
 0002:000C2454  d3511_1
 0002:000C247C  d3513_1
 0002:000C2488  d3521_1
 0002:000C2498  d3569_1
 0002:000C2498  __kalpha
 0002:000C249A  __kpunct
 0002:000C24E0  d3705_1
 0002:000C2504  d3719_1
 0002:000C2528  _errno
 0002:000C2528  d3721_1
 0002:000C252C  __messagefunc
 0002:000C252C  d3723_1
 0002:000C2530  __messagefile
 0002:000C253C  d3731_1
 0002:000C2564  d3733_1
 0002:000C2584  d3750_1
 0002:000C25A4  ___pCallAtExitProcs
 0002:000C25A4  d3752_0
 0002:000C25A8  __exitbuf
 0002:000C25A8  d3788_1
 0002:000C25AC  __exitfopen
 0002:000C25B0  __exitopen
 0002:000C25B4  __setargv_ptr
 0002:000C25B4  d3808_0
 0002:000C25B8  __exitargv_ptr
 0002:000C25BC  d3810_0
 0002:000C25BC  __wsetargv_ptr
 0002:000C25C0  __wexitargv_ptr
 0002:000C25C4  d3812_1
 0002:000C25C4  __setargv__
 0002:000C2618  d3814_1
 0002:000C2618  __cmdline_escapes
 0002:000C2640  d3816_1
 0002:000C2664  d3869_0
 0002:000C2664  __argv_expand_ptr
 0002:000C2668  d3871_0
 0002:000C2668  __wargv_expand_ptr
 0002:000C266C  __argv0
 0002:000C266C  d3873_1
 0002:000C268C  d3887_1
 0002:000C268C  __setenvp__
 0002:000C26E0  d3891_1
 0002:000C2740  d3909_0
 0002:000C2740  __isWindows
 0002:000C2744  d3910_1
 0002:000C2748  d3940_0
 0002:000C2748  __SWeekday
 0002:000C2764  __LWeekday
 0002:000C2780  __SMonth
 0002:000C27B0  __LMonth
 0002:000C27E0  __AmPm
 0002:000C27E8  __Days
 0002:000C27F4  __YDays
 0002:000C290C  __timezone
 0002:000C290C  d3946_1
 0002:000C2910  __daylight
 0002:000C2914  __tzname
 0002:000C2914  d3948_1
 0002:000C2924  d4004_1
 0002:000C2924  ___debuggerDisableTerminateCallback
 0002:000C3210  d4158_0
 0002:000C3210  _GUID_NULL
 0002:000C3220  _IID_IUnknown
 0002:000C3230  _IID_IRichEditOleCallback
 0002:000C3240  _IID_IEnumVARIANT
 0002:000C3250  _IID_IDispatch
 0002:000C3260  _IID_IDataObject
 0002:000C3270  _IID_IPersistStreamInit
 0002:000C3280  _IID_IOleControlSite
 0002:000C3290  _IID_IProvideClassInfo2
 0002:000C32A0  _IID_IProvideClassInfo
 0002:000C32B0  _IID_IClassFactory2
 0002:000C32C0  _IID_IConnectionPointContainer
 0002:000C32D0  _IID_IOleInPlaceSite
 0002:000C32E0  _IID_IOleInPlaceObject
 0002:000C32F0  _IID_IOleInPlaceFrame
 0002:000C3300  _IID_IOleInPlaceUIWindow
 0002:000C3310  _IID_IOleWindow
 0002:000C3320  _IID_IOleObject
 0002:000C3330  _IID_IOleClientSite
 0003:00000000  b2_2
 0003:00000018  b3_2
 0003:00000030  b4_2
 0003:000000AC  b33_2
 0003:000000C4  b35_2
 0003:000000DC  b37_2
 0003:000000F4  b41_2
 0003:0000010C  b47_2
 0003:00000124  b49_2
 0003:0000013C  b51_2
 0003:00000154  b53_2
 0003:0000016C  b55_2
 0003:00000184  b75_2
 0003:0000019C  b79_2
 0003:000001B4  b91_2
 0003:000001CC  b93_2
 0003:000001E4  b95_2
 0003:000001FC  b99_2
 0003:00000214  b103_2
 0003:0000022C  b105_2
 0003:00000244  b107_2
 0003:0000025C  b109_2
 0003:00000274  _pHTMLHELP
 0003:00000278  b113_2
 0003:00000290  b119_2
 0003:000002A8  b121_2
 0003:000002C0  b125_2
 0003:000002D8  b137_2
 0003:000002F0  b139_2
 0003:00000308  b143_2
 0003:00000320  b147_2
 0003:00000338  b151_2
 0003:00000350  b165_2
 0003:00000368  b169_2
 0003:00000380  b183_2
 0003:00000398  b187_2
 0003:000003B0  b189_2
 0003:000003C8  b191_2
 0003:000003E0  b193_2
 0003:000003F8  b195_2
 0003:00000410  b199_2
 0003:00000428  b207_2
 0003:00000440  b209_2
 0003:00000458  b213_2
 0003:00000470  b217_2
 0003:00000488  b227_2
 0003:000004A0  b233_2
 0003:000004B8  b243_2
 0003:000004D0  b277_2
 0003:000004E8  b291_2
 0003:00000500  b299_2
 0003:00000518  b305_2
 0003:00000530  b309_2
 0003:00000548  b323_2
 0003:00000560  b329_2
 0003:00000578  b357_2
 0003:00000590  b369_2
 0003:000005A8  b383_2
 0003:000005C0  b397_2
 0003:000005D8  b399_2
 0003:000005F0  b405_2
 0003:00000608  b407_2
 0003:00000620  b411_2
 0003:00000638  b419_2
 0003:00000650  b431_2
 0003:00000668  b433_2
 0003:00000680  _fp
 0003:00000684  _nDocLen
 0003:00000688  b441_2
 0003:000006A0  b443_2
 0003:000006B8  b445_2
 0003:000006D0  b447_2
 0003:000006E8  b451_2
 0003:00000700  b453_2
 0003:00000718  b455_2
 0003:00000730  b457_2
 0003:00000748  b459_2
 0003:00000760  b465_2
 0003:00000778  b469_2
 0003:00000790  b475_2
 0003:000007A8  b523_1
 0003:00000820  b549_2
 0003:00000820  _fnIsWow64Process
 0003:00000824  b557_2
 0003:0000092C  b559_2
 0003:00000ABC  b575_2
 0003:0000222C  b577_1
 0003:00002230  b609_2
 0003:0000228C  b611_2
 0003:000022E4  b679_2
 0003:0000238C  b691_2
 0003:00002390  b707_2
 0003:00002430  b753_2
 0003:00002570  b763_2
 0003:00002578  b773_2
 0003:000025BC  b789_2
 0003:000025D4  b903_2
 0003:000025D8  b919_2
 0003:000025F0  b925_2
 0003:00002600  b931_2
 0003:00002680  b939_2
 0003:00002898  b963_1
 0003:000028A0  b993_2
 0003:000029AC  b1027_2
 0003:00002BAC  _s_PrintFileName
 0003:00002BAC  b1100_2
 0003:00002CB4  _s_PrinterName
 0003:00002DBC  _s_isDefaultPrinterDevice
 0003:00002DC0  b1110_1
 0003:00002DC4  b1165_2
 0003:00002DDC  b1171_2
 0003:00002DE0  b1190_2
 0003:00002DF8  b1230_2
 0003:00002E10  b1236_2
 0003:00002E28  b1270_2
 0003:00002E40  b1274_2
 0003:00002E58  b1284_2
 0003:00002E70  b1288_2
 0003:00002E88  b1296_2
 0003:00002EA0  b1304_2
 0003:00002EB8  b1310_2
 0003:00002F40  b1330_2
 0003:00002F58  b1344_2
 0003:00002F5C  b1346_2
 0003:00002F5C  _hb_stackST
 0003:0000463C  b1352_2
 0003:00004654  b1360_2
 0003:000047E4  b1362_2
 0003:0000481C  b1392_2
 0003:00004834  b1398_2
 0003:00004B34  b1518_2
 0003:00004B78  b1526_2
 0003:00004C40  _yyleng
 0003:00004C4C  _yyin
 0003:00009658  b1552_2
 0003:00009800  b1598_2
 0003:00009818  b1602_2
 0003:00009830  b1868_2
 0003:000099DC  b1870_2
 0003:00009B84  b2119_2
 0003:00009B9C  b2247_2
 0003:00009B9C  std::_Ios_init
 0003:00009BA4  std::_Wios_init
 0003:00009C5C  std::cin
 0003:00009CAC  std::cout
 0003:00009D4C  std::cerr
 0003:00009D94  std::clog
 0003:00009DE0  std::fpos<int>::_Stz
 0003:00009DE4  b2251_2
 0003:00009DEC  b2253_2
 0003:00009DFC  b2261_2
 0003:00009E00  b2279_2
 0003:00009F08  std::wcin
 0003:00009F58  std::wcout
 0003:00009FA0  std::wcerr
 0003:00009FE8  std::wclog
 0003:0000A034  b2291_2
 0003:0000A03C  __bormm_pfn_FreeMem
 0003:0000A03C  b2435_2
 0003:0000A040  __bormm_pfn_GetMem
 0003:0000A044  __bormm_pfn_ReallocMem
 0003:0000A048  __bormm_pfn_HeapAddRef
 0003:0000A04C  __bormm_pfn_HeapRelease
 0003:0000A054  __borlndmm_GetMem
 0003:0000A058  b2595_2
 0003:0000A0FC  b2669_2
 0003:0000A504  __DestructorCountPtr
 0003:0000A504  b2673_2
 0003:0000A50C  b2679_2
 0003:0000A50C  __HandlerPtr
 0003:0000A510  __UserHandlerPtr
 0003:0000A514  b2867_1
 0003:0000A514  __pidtab
 0003:0000A5DC  __handles
 0003:0000A6A4  __doserrno
 0003:0000A6A4  b2944_2
 0003:0000A6A8  b2950_1
 0003:0000A6AC  b2952_1
 0003:0000A6B0  b2967_2
 0003:0000A6B0  __tmpnum
 0003:0000A6C0  __mbctype
 0003:0000A6C0  b3569_2
 0003:0000A7C4  __mbcsCodePage
 0003:0000A7C8  b3705_2
 0003:0000A8C8  b3719_2
 0003:0000A8E4  __ostype
 0003:0000A8E4  b3731_2
 0003:0000A8E8  b3735_1
 0003:0000A8F0  b3812_2
 0003:0000A8F0  __argv
 0003:0000A8FC  b3814_2
 0003:0000A900  b3816_2
 0003:0000A904  __environ
 0003:0000A904  b3887_2
 0003:0000A90C  __envsize
 0003:0000A910  __env_lock
 0003:0000A914  __C0argc
 0003:0000A914  b3909_1
 0003:0000A918  __C0argv
 0003:0000A91C  __C0environ
 0003:0000A920  __oscmd
 0003:0000A924  __osenv
 0003:0000A928  __argc
 0003:0000A92C  __dll_table
 0003:0000A934  __ExcRegPtr
 0003:0000A938  __wosenv
 0003:0000A93C  __woscmd
 0003:0000A940  __wC0argv
 0003:0000A944  __wC0environ
 0003:0000A948  __exe_table
 0003:0000A950  __stkbase
 0003:0000A954  b3948_2
 0003:0000A95C  b4004_2
 0003:0000A960  ___pCPPdebugHook
 0004:00000000  t2673_3
 0004:00000000  ___xxInfo
